Archive member included to satisfy reference by file (symbol)

c:/program files (x86)/gnu tools arm embedded/7 2017-q4-major/bin/../lib/gcc/arm-none-eabi/7.2.1/thumb/v7e-m/fpv4-sp/hard\libgcc.a(_aeabi_ldivmod.o)
                              ./synergy/ssp/src/driver/r_gpt/r_gpt.o (__aeabi_ldivmod)
c:/program files (x86)/gnu tools arm embedded/7 2017-q4-major/bin/../lib/gcc/arm-none-eabi/7.2.1/thumb/v7e-m/fpv4-sp/hard\libgcc.a(_aeabi_uldivmod.o)
                              ./synergy/ssp/src/driver/r_gpt/r_gpt.o (__aeabi_uldivmod)
c:/program files (x86)/gnu tools arm embedded/7 2017-q4-major/bin/../lib/gcc/arm-none-eabi/7.2.1/thumb/v7e-m/fpv4-sp/hard\libgcc.a(_udivmoddi4.o)
                              c:/program files (x86)/gnu tools arm embedded/7 2017-q4-major/bin/../lib/gcc/arm-none-eabi/7.2.1/thumb/v7e-m/fpv4-sp/hard\libgcc.a(_aeabi_ldivmod.o) (__udivmoddi4)
c:/program files (x86)/gnu tools arm embedded/7 2017-q4-major/bin/../lib/gcc/arm-none-eabi/7.2.1/thumb/v7e-m/fpv4-sp/hard\libgcc.a(_dvmd_tls.o)
                              c:/program files (x86)/gnu tools arm embedded/7 2017-q4-major/bin/../lib/gcc/arm-none-eabi/7.2.1/thumb/v7e-m/fpv4-sp/hard\libgcc.a(_aeabi_ldivmod.o) (__aeabi_ldiv0)
c:/program files (x86)/gnu tools arm embedded/7 2017-q4-major/bin/../lib/gcc/arm-none-eabi/7.2.1/../../../../arm-none-eabi/lib/thumb/v7e-m/fpv4-sp/hard\libg_nano.a(lib_a-errno.o)
                              ./synergy/ssp/src/bsp/mcu/all/bsp_sbrk.o (__errno)
c:/program files (x86)/gnu tools arm embedded/7 2017-q4-major/bin/../lib/gcc/arm-none-eabi/7.2.1/../../../../arm-none-eabi/lib/thumb/v7e-m/fpv4-sp/hard\libg_nano.a(lib_a-exit.o)
                              c:/program files (x86)/gnu tools arm embedded/7 2017-q4-major/bin/../lib/gcc/arm-none-eabi/7.2.1/../../../../arm-none-eabi/lib/thumb/v7e-m/fpv4-sp/hard/rdimon-crt0.o (exit)
c:/program files (x86)/gnu tools arm embedded/7 2017-q4-major/bin/../lib/gcc/arm-none-eabi/7.2.1/../../../../arm-none-eabi/lib/thumb/v7e-m/fpv4-sp/hard\libg_nano.a(lib_a-impure.o)
                              c:/program files (x86)/gnu tools arm embedded/7 2017-q4-major/bin/../lib/gcc/arm-none-eabi/7.2.1/../../../../arm-none-eabi/lib/thumb/v7e-m/fpv4-sp/hard\libg_nano.a(lib_a-exit.o) (_global_impure_ptr)
c:/program files (x86)/gnu tools arm embedded/7 2017-q4-major/bin/../lib/gcc/arm-none-eabi/7.2.1/../../../../arm-none-eabi/lib/thumb/v7e-m/fpv4-sp/hard\libg_nano.a(lib_a-init.o)
                              c:/program files (x86)/gnu tools arm embedded/7 2017-q4-major/bin/../lib/gcc/arm-none-eabi/7.2.1/../../../../arm-none-eabi/lib/thumb/v7e-m/fpv4-sp/hard/rdimon-crt0.o (__libc_init_array)
c:/program files (x86)/gnu tools arm embedded/7 2017-q4-major/bin/../lib/gcc/arm-none-eabi/7.2.1/../../../../arm-none-eabi/lib/thumb/v7e-m/fpv4-sp/hard\libg_nano.a(lib_a-memset.o)
                              c:/program files (x86)/gnu tools arm embedded/7 2017-q4-major/bin/../lib/gcc/arm-none-eabi/7.2.1/../../../../arm-none-eabi/lib/thumb/v7e-m/fpv4-sp/hard/rdimon-crt0.o (memset)
c:/program files (x86)/gnu tools arm embedded/7 2017-q4-major/bin/../lib/gcc/arm-none-eabi/7.2.1/../../../../arm-none-eabi/lib/thumb/v7e-m/fpv4-sp/hard\librdimon_nano.a(rdimon-syscalls.o)
                              c:/program files (x86)/gnu tools arm embedded/7 2017-q4-major/bin/../lib/gcc/arm-none-eabi/7.2.1/../../../../arm-none-eabi/lib/thumb/v7e-m/fpv4-sp/hard/rdimon-crt0.o (initialise_monitor_handles)
c:/program files (x86)/gnu tools arm embedded/7 2017-q4-major/bin/../lib/gcc/arm-none-eabi/7.2.1/../../../../arm-none-eabi/lib/thumb/v7e-m/fpv4-sp/hard\librdimon_nano.a(rdimon-_exit.o)
                              c:/program files (x86)/gnu tools arm embedded/7 2017-q4-major/bin/../lib/gcc/arm-none-eabi/7.2.1/../../../../arm-none-eabi/lib/thumb/v7e-m/fpv4-sp/hard\libg_nano.a(lib_a-exit.o) (_exit)
c:/program files (x86)/gnu tools arm embedded/7 2017-q4-major/bin/../lib/gcc/arm-none-eabi/7.2.1/../../../../arm-none-eabi/lib/thumb/v7e-m/fpv4-sp/hard\librdimon_nano.a(rdimon-_kill.o)
                              c:/program files (x86)/gnu tools arm embedded/7 2017-q4-major/bin/../lib/gcc/arm-none-eabi/7.2.1/../../../../arm-none-eabi/lib/thumb/v7e-m/fpv4-sp/hard\librdimon_nano.a(rdimon-_exit.o) (_kill)
c:/program files (x86)/gnu tools arm embedded/7 2017-q4-major/bin/../lib/gcc/arm-none-eabi/7.2.1/../../../../arm-none-eabi/lib/thumb/v7e-m/fpv4-sp/hard\libc_nano.a(lib_a-findfp.o)
                              c:/program files (x86)/gnu tools arm embedded/7 2017-q4-major/bin/../lib/gcc/arm-none-eabi/7.2.1/../../../../arm-none-eabi/lib/thumb/v7e-m/fpv4-sp/hard\librdimon_nano.a(rdimon-syscalls.o) (__sinit)
c:/program files (x86)/gnu tools arm embedded/7 2017-q4-major/bin/../lib/gcc/arm-none-eabi/7.2.1/../../../../arm-none-eabi/lib/thumb/v7e-m/fpv4-sp/hard\libc_nano.a(lib_a-fwalk.o)
[...]
Memory Configuration

Name             Origin             Length             Attributes
FLASH            0x00000000         0x00400000         xr
RAM              0x1ffe0000         0x000a0000         xrw
DATA_FLASH       0x40100000         0x00010000         xr
QSPI_FLASH       0x60000000         0x04000000         xr
SDRAM            0x90000000         0x02000000         xrw
ID_CODES         0x40120050         0x00000010         xr
*default*        0x00000000         0xffffffff

Linker script and memory map

LOAD c:/program files (x86)/gnu tools arm embedded/7 2017-q4-major/bin/../lib/gcc/arm-none-eabi/7.2.1/thumb/v7e-m/fpv4-sp/hard/crti.o
LOAD c:/program files (x86)/gnu tools arm embedded/7 2017-q4-major/bin/../lib/gcc/arm-none-eabi/7.2.1/thumb/v7e-m/fpv4-sp/hard/crtbegin.o
LOAD c:/program files (x86)/gnu tools arm embedded/7 2017-q4-major/bin/../lib/gcc/arm-none-eabi/7.2.1/../../../../arm-none-eabi/lib/thumb/v7e-m/fpv4-sp/hard/rdimon-crt0.o
START GROUP
LOAD ./synergy/ssp/src/driver/r_ioport/r_ioport.o
LOAD ./synergy/ssp/src/driver/r_icu/r_icu.o
LOAD ./synergy/ssp/src/driver/r_gpt/r_gpt.o
LOAD ./synergy/ssp/src/driver/r_fmi/r_fmi.o
LOAD ./synergy/ssp/src/driver/r_elc/r_elc.o
LOAD ./synergy/ssp/src/driver/r_cgc/hw/hw_cgc.o
LOAD ./synergy/ssp/src/driver/r_cgc/r_cgc.o
LOAD ./synergy/ssp/src/driver/r_adc/r_adc.o
LOAD ./synergy/ssp/src/bsp/mcu/s7g2/bsp_cache.o
LOAD ./synergy/ssp/src/bsp/mcu/s7g2/bsp_clocks.o
LOAD ./synergy/ssp/src/bsp/mcu/s7g2/bsp_feature.o
LOAD ./synergy/ssp/src/bsp/mcu/s7g2/bsp_fmi_R7FS7G27H3A01CFC.o
LOAD ./synergy/ssp/src/bsp/mcu/s7g2/bsp_group_irq.o
LOAD ./synergy/ssp/src/bsp/mcu/s7g2/bsp_hw_locks.o
LOAD ./synergy/ssp/src/bsp/mcu/s7g2/bsp_module_stop.o
LOAD ./synergy/ssp/src/bsp/mcu/s7g2/bsp_rom_registers.o
LOAD ./synergy/ssp/src/bsp/mcu/all/bsp_common.o
LOAD ./synergy/ssp/src/bsp/mcu/all/bsp_common_leds.o
LOAD ./synergy/ssp/src/bsp/mcu/all/bsp_delay.o
LOAD ./synergy/ssp/src/bsp/mcu/all/bsp_irq.o
LOAD ./synergy/ssp/src/bsp/mcu/all/bsp_locking.o
LOAD ./synergy/ssp/src/bsp/mcu/all/bsp_register_protection.o
LOAD ./synergy/ssp/src/bsp/mcu/all/bsp_sbrk.o
LOAD ./synergy/ssp/src/bsp/cmsis/Device/RENESAS/S7G2/Source/startup_S7G2.o
LOAD ./synergy/ssp/src/bsp/cmsis/Device/RENESAS/S7G2/Source/system_S7G2.o
LOAD ./synergy/board/s7g2_sk/bsp_init.o
LOAD ./synergy/board/s7g2_sk/bsp_leds.o
LOAD ./synergy/board/s7g2_sk/bsp_qspi.o
LOAD ./src/synergy_gen/common_data.o
LOAD ./src/synergy_gen/hal_data.o
LOAD ./src/synergy_gen/main.o
LOAD ./src/synergy_gen/pin_data.o
LOAD ./src/hal_entry.o
LOAD C:\Users\Ing Jorge Blancas\e2_studio\ControlVelocidad\mideRPM\synergy\ssp\src\bsp\cmsis\DSP_Lib\cm4_gcc\libDSP_Lib.a
END GROUP
START GROUP
LOAD c:/program files (x86)/gnu tools arm embedded/7 2017-q4-major/bin/../lib/gcc/arm-none-eabi/7.2.1/thumb/v7e-m/fpv4-sp/hard\libgcc.a
LOAD c:/program files (x86)/gnu tools arm embedded/7 2017-q4-major/bin/../lib/gcc/arm-none-eabi/7.2.1/../../../../arm-none-eabi/lib/thumb/v7e-m/fpv4-sp/hard\libg_nano.a
LOAD c:/program files (x86)/gnu tools arm embedded/7 2017-q4-major/bin/../lib/gcc/arm-none-eabi/7.2.1/../../../../arm-none-eabi/lib/thumb/v7e-m/fpv4-sp/hard\libc_nano.a
END GROUP
START GROUP
LOAD c:/program files (x86)/gnu tools arm embedded/7 2017-q4-major/bin/../lib/gcc/arm-none-eabi/7.2.1/thumb/v7e-m/fpv4-sp/hard\libgcc.a
LOAD c:/program files (x86)/gnu tools arm embedded/7 2017-q4-major/bin/../lib/gcc/arm-none-eabi/7.2.1/../../../../arm-none-eabi/lib/thumb/v7e-m/fpv4-sp/hard\libc_nano.a
LOAD c:/program files (x86)/gnu tools arm embedded/7 2017-q4-major/bin/../lib/gcc/arm-none-eabi/7.2.1/../../../../arm-none-eabi/lib/thumb/v7e-m/fpv4-sp/hard\librdimon_nano.a
END GROUP
START GROUP
LOAD c:/program files (x86)/gnu tools arm embedded/7 2017-q4-major/bin/../lib/gcc/arm-none-eabi/7.2.1/thumb/v7e-m/fpv4-sp/hard\libgcc.a
LOAD c:/program files (x86)/gnu tools arm embedded/7 2017-q4-major/bin/../lib/gcc/arm-none-eabi/7.2.1/../../../../arm-none-eabi/lib/thumb/v7e-m/fpv4-sp/hard\libc_nano.a
LOAD c:/program files (x86)/gnu tools arm embedded/7 2017-q4-major/bin/../lib/gcc/arm-none-eabi/7.2.1/../../../../arm-none-eabi/lib/thumb/v7e-m/fpv4-sp/hard\librdimon_nano.a
END GROUP
LOAD c:/program files (x86)/gnu tools arm embedded/7 2017-q4-major/bin/../lib/gcc/arm-none-eabi/7.2.1/thumb/v7e-m/fpv4-sp/hard/crtend.o
LOAD c:/program files (x86)/gnu tools arm embedded/7 2017-q4-major/bin/../lib/gcc/arm-none-eabi/7.2.1/thumb/v7e-m/fpv4-sp/hard/crtn.o
START GROUP
LOAD c:/program files (x86)/gnu tools arm embedded/7 2017-q4-major/bin/../lib/gcc/arm-none-eabi/7.2.1/thumb/v7e-m/fpv4-sp/hard\libgcc.a
LOAD c:/program files (x86)/gnu tools arm embedded/7 2017-q4-major/bin/../lib/gcc/arm-none-eabi/7.2.1/../../../../arm-none-eabi/lib/thumb/v7e-m/fpv4-sp/hard\libc.a
LOAD c:/program files (x86)/gnu tools arm embedded/7 2017-q4-major/bin/../lib/gcc/arm-none-eabi/7.2.1/../../../../arm-none-eabi/lib/thumb/v7e-m/fpv4-sp/hard\libm.a
LOAD c:/program files (x86)/gnu tools arm embedded/7 2017-q4-major/bin/../lib/gcc/arm-none-eabi/7.2.1/../../../../arm-none-eabi/lib/thumb/v7e-m/fpv4-sp/hard\libnosys.a
END GROUP

.text           0x00000000     0x5f6c
                0x00000000                __ROM_Start = .
 *(.vectors)
 .vectors       0x00000000       0x40 ./synergy/ssp/src/bsp/cmsis/Device/RENESAS/S7G2/Source/startup_S7G2.o
                0x00000000                __Vectors
 *(SORT_BY_NAME(.vector.*))
 .vector.ICU_IRQ0
                0x00000040        0x4 ./src/synergy_gen/hal_data.o
                0x00000040                g_vector_ICU_IRQ0
                0x00000044                __Vectors_End = .
                0x00000044                __end__ = .
                0x00000400                . = (__ROM_Start + 0x400)
 *fill*         0x00000044      0x3bc ff
 *(.rom_registers*)
 .rom_registers
                0x00000400       0x3c ./synergy/ssp/src/bsp/mcu/s7g2/bsp_rom_registers.o
                0x00000500                . = (__ROM_Start + 0x500)
 *fill*         0x0000043c       0xc4 ff
                0x00000500                __Vector_Info_Start = .
 *(SORT_BY_NAME(.vector_info.*))
 .vector_info.ICU_IRQ0
                0x00000500        0x8 ./src/synergy_gen/hal_data.o
                0x00000500                g_vector_info_ICU_IRQ0
                0x00000508                __Vector_Info_End = .
                0x00000508                __Lock_Lookup_Start = .
 *(SORT_BY_NAME(.hw_lock_lookup.*))
 .hw_lock_lookup.ADC_0U_0U
                0x00000508        0x4 ./synergy/ssp/src/bsp/mcu/s7g2/bsp_hw_locks.o
                0x00000508                g_lock_lookup_ADC_0U_0U
 .hw_lock_lookup.ADC_0U_1U
                0x0000050c        0x4 ./synergy/ssp/src/bsp/mcu/s7g2/bsp_hw_locks.o
                0x0000050c                g_lock_lookup_ADC_0U_1U
 .hw_lock_lookup.AGT_0U_0U
                0x00000510        0x4 ./synergy/ssp/src/bsp/mcu/s7g2/bsp_hw_locks.o
                0x00000510                g_lock_lookup_AGT_0U_0U
 .hw_lock_lookup.AGT_0U_1U
                0x00000514        0x4 ./synergy/ssp/src/bsp/mcu/s7g2/bsp_hw_locks.o
                0x00000514                g_lock_lookup_AGT_0U_1U
 .hw_lock_lookup.BSC_0U_1U
                0x00000518        0x4 ./synergy/ssp/src/bsp/mcu/s7g2/bsp_hw_locks.o
                0x00000518                g_lock_lookup_BSC_0U_1U
 .hw_lock_lookup.CAC_0U_0U
                0x0000051c        0x4 ./synergy/ssp/src/bsp/mcu/s7g2/bsp_hw_locks.o
                0x0000051c                g_lock_lookup_CAC_0U_0U
 .hw_lock_lookup.CAN_0U_0U
                0x00000520        0x4 ./synergy/ssp/src/bsp/mcu/s7g2/bsp_hw_locks.o
                0x00000520                g_lock_lookup_CAN_0U_0U
 .hw_lock_lookup.CAN_0U_1U
                0x00000524        0x4 ./synergy/ssp/src/bsp/mcu/s7g2/bsp_hw_locks.o
                0x00000524                g_lock_lookup_CAN_0U_1U
 .hw_lock_lookup.COMP_HS_0U_0U
                0x00000528        0x4 ./synergy/ssp/src/bsp/mcu/s7g2/bsp_hw_locks.o
                0x00000528                g_lock_lookup_COMP_HS_0U_0U
 .hw_lock_lookup.COMP_HS_0U_1U
                0x0000052c        0x4 ./synergy/ssp/src/bsp/mcu/s7g2/bsp_hw_locks.o
                0x0000052c                g_lock_lookup_COMP_HS_0U_1U
 .hw_lock_lookup.COMP_HS_0U_2U
                0x00000530        0x4 ./synergy/ssp/src/bsp/mcu/s7g2/bsp_hw_locks.o
                0x00000530                g_lock_lookup_COMP_HS_0U_2U
 .hw_lock_lookup.COMP_HS_0U_3U
                0x00000534        0x4 ./synergy/ssp/src/bsp/mcu/s7g2/bsp_hw_locks.o
                0x00000534                g_lock_lookup_COMP_HS_0U_3U
 .hw_lock_lookup.COMP_HS_0U_4U
                0x00000538        0x4 ./synergy/ssp/src/bsp/mcu/s7g2/bsp_hw_locks.o
                0x00000538                g_lock_lookup_COMP_HS_0U_4U
 .hw_lock_lookup.COMP_HS_0U_5U
                0x0000053c        0x4 ./synergy/ssp/src/bsp/mcu/s7g2/bsp_hw_locks.o
                0x0000053c                g_lock_lookup_COMP_HS_0U_5U
 .hw_lock_lookup.CRC_0U_0U
                0x00000540        0x4 ./synergy/ssp/src/bsp/mcu/s7g2/bsp_hw_locks.o
                0x00000540                g_lock_lookup_CRC_0U_0U
 .hw_lock_lookup.CTSU_0U_0U
                0x00000544        0x4 ./synergy/ssp/src/bsp/mcu/s7g2/bsp_hw_locks.o
                0x00000544                g_lock_lookup_CTSU_0U_0U
 .hw_lock_lookup.DAAD_0U_0U
                0x00000548        0x4 ./synergy/ssp/src/bsp/mcu/s7g2/bsp_hw_locks.o
                0x00000548                g_lock_lookup_DAAD_0U_0U
 .hw_lock_lookup.DAC_0U_0U
                0x0000054c        0x4 ./synergy/ssp/src/bsp/mcu/s7g2/bsp_hw_locks.o
                0x0000054c                g_lock_lookup_DAC_0U_0U
 .hw_lock_lookup.DAC_0U_1U
                0x00000550        0x4 ./synergy/ssp/src/bsp/mcu/s7g2/bsp_hw_locks.o
                0x00000550                g_lock_lookup_DAC_0U_1U
 .hw_lock_lookup.DMAC_0U_0U
                0x00000554        0x4 ./synergy/ssp/src/bsp/mcu/s7g2/bsp_hw_locks.o
                0x00000554                g_lock_lookup_DMAC_0U_0U
 .hw_lock_lookup.DMAC_0U_1U
                0x00000558        0x4 ./synergy/ssp/src/bsp/mcu/s7g2/bsp_hw_locks.o
                0x00000558                g_lock_lookup_DMAC_0U_1U
 .hw_lock_lookup.DMAC_0U_2U
                0x0000055c        0x4 ./synergy/ssp/src/bsp/mcu/s7g2/bsp_hw_locks.o
                0x0000055c                g_lock_lookup_DMAC_0U_2U
 .hw_lock_lookup.DMAC_0U_3U
                0x00000560        0x4 ./synergy/ssp/src/bsp/mcu/s7g2/bsp_hw_locks.o
                0x00000560                g_lock_lookup_DMAC_0U_3U
 .hw_lock_lookup.DMAC_0U_4U
                0x00000564        0x4 ./synergy/ssp/src/bsp/mcu/s7g2/bsp_hw_locks.o
                0x00000564                g_lock_lookup_DMAC_0U_4U
 .hw_lock_lookup.DMAC_0U_5U
                0x00000568        0x4 ./synergy/ssp/src/bsp/mcu/s7g2/bsp_hw_locks.o
                0x00000568                g_lock_lookup_DMAC_0U_5U
 .hw_lock_lookup.DMAC_0U_6U
                0x0000056c        0x4 ./synergy/ssp/src/bsp/mcu/s7g2/bsp_hw_locks.o
                0x0000056c                g_lock_lookup_DMAC_0U_6U
 .hw_lock_lookup.DMAC_0U_7U
                0x00000570        0x4 ./synergy/ssp/src/bsp/mcu/s7g2/bsp_hw_locks.o
                0x00000570                g_lock_lookup_DMAC_0U_7U
 .hw_lock_lookup.DOC_0U_0U
                0x00000574        0x4 ./synergy/ssp/src/bsp/mcu/s7g2/bsp_hw_locks.o
                0x00000574                g_lock_lookup_DOC_0U_0U
 .hw_lock_lookup.DRW_0U_0U
                0x00000578        0x4 ./synergy/ssp/src/bsp/mcu/s7g2/bsp_hw_locks.o
                0x00000578                g_lock_lookup_DRW_0U_0U
 .hw_lock_lookup.DTC_0U_0U
                0x0000057c        0x4 ./synergy/ssp/src/bsp/mcu/s7g2/bsp_hw_locks.o
                0x0000057c                g_lock_lookup_DTC_0U_0U
 .hw_lock_lookup.ELC_0U_0U
                0x00000580        0x4 ./synergy/ssp/src/bsp/mcu/s7g2/bsp_hw_locks.o
                0x00000580                g_lock_lookup_ELC_0U_0U
 .hw_lock_lookup.EPTPC_0U_0U
                0x00000584        0x4 ./synergy/ssp/src/bsp/mcu/s7g2/bsp_hw_locks.o
                0x00000584                g_lock_lookup_EPTPC_0U_0U
 .hw_lock_lookup.ETHER_0U_0U
                0x00000588        0x4 ./synergy/ssp/src/bsp/mcu/s7g2/bsp_hw_locks.o
                0x00000588                g_lock_lookup_ETHER_0U_0U
 .hw_lock_lookup.ETHER_0U_1U
                0x0000058c        0x4 ./synergy/ssp/src/bsp/mcu/s7g2/bsp_hw_locks.o
                0x0000058c                g_lock_lookup_ETHER_0U_1U
 .hw_lock_lookup.FCU_0U_0U
                0x00000590        0x4 ./synergy/ssp/src/bsp/mcu/s7g2/bsp_hw_locks.o
                0x00000590                g_lock_lookup_FCU_0U_0U
 .hw_lock_lookup.GLCDC_0U_0U
                0x00000594        0x4 ./synergy/ssp/src/bsp/mcu/s7g2/bsp_hw_locks.o
                0x00000594                g_lock_lookup_GLCDC_0U_0U
 .hw_lock_lookup.GPT_0U_0U
                0x00000598        0x4 ./synergy/ssp/src/bsp/mcu/s7g2/bsp_hw_locks.o
                0x00000598                g_lock_lookup_GPT_0U_0U
 .hw_lock_lookup.GPT_0U_10U
                0x0000059c        0x4 ./synergy/ssp/src/bsp/mcu/s7g2/bsp_hw_locks.o
                0x0000059c                g_lock_lookup_GPT_0U_10U
 .hw_lock_lookup.GPT_0U_11U
                0x000005a0        0x4 ./synergy/ssp/src/bsp/mcu/s7g2/bsp_hw_locks.o
                0x000005a0                g_lock_lookup_GPT_0U_11U
 .hw_lock_lookup.GPT_0U_12U
                0x000005a4        0x4 ./synergy/ssp/src/bsp/mcu/s7g2/bsp_hw_locks.o
                0x000005a4                g_lock_lookup_GPT_0U_12U
 .hw_lock_lookup.GPT_0U_13U
                0x000005a8        0x4 ./synergy/ssp/src/bsp/mcu/s7g2/bsp_hw_locks.o
                0x000005a8                g_lock_lookup_GPT_0U_13U
 .hw_lock_lookup.GPT_0U_1U
                0x000005ac        0x4 ./synergy/ssp/src/bsp/mcu/s7g2/bsp_hw_locks.o
                0x000005ac                g_lock_lookup_GPT_0U_1U
 .hw_lock_lookup.GPT_0U_2U
                0x000005b0        0x4 ./synergy/ssp/src/bsp/mcu/s7g2/bsp_hw_locks.o
                0x000005b0                g_lock_lookup_GPT_0U_2U
 .hw_lock_lookup.GPT_0U_3U
                0x000005b4        0x4 ./synergy/ssp/src/bsp/mcu/s7g2/bsp_hw_locks.o
                0x000005b4                g_lock_lookup_GPT_0U_3U
 .hw_lock_lookup.GPT_0U_4U
                0x000005b8        0x4 ./synergy/ssp/src/bsp/mcu/s7g2/bsp_hw_locks.o
                0x000005b8                g_lock_lookup_GPT_0U_4U
 .hw_lock_lookup.GPT_0U_5U
                0x000005bc        0x4 ./synergy/ssp/src/bsp/mcu/s7g2/bsp_hw_locks.o
                0x000005bc                g_lock_lookup_GPT_0U_5U
 .hw_lock_lookup.GPT_0U_6U
                0x000005c0        0x4 ./synergy/ssp/src/bsp/mcu/s7g2/bsp_hw_locks.o
                0x000005c0                g_lock_lookup_GPT_0U_6U
 .hw_lock_lookup.GPT_0U_7U
                0x000005c4        0x4 ./synergy/ssp/src/bsp/mcu/s7g2/bsp_hw_locks.o
                0x000005c4                g_lock_lookup_GPT_0U_7U
 .hw_lock_lookup.GPT_0U_8U
                0x000005c8        0x4 ./synergy/ssp/src/bsp/mcu/s7g2/bsp_hw_locks.o
                0x000005c8                g_lock_lookup_GPT_0U_8U
 .hw_lock_lookup.GPT_0U_9U
                0x000005cc        0x4 ./synergy/ssp/src/bsp/mcu/s7g2/bsp_hw_locks.o
                0x000005cc                g_lock_lookup_GPT_0U_9U
 .hw_lock_lookup.ICU_0U_0U
                0x000005d0        0x4 ./synergy/ssp/src/bsp/mcu/s7g2/bsp_hw_locks.o
                0x000005d0                g_lock_lookup_ICU_0U_0U
 .hw_lock_lookup.ICU_0U_10U
                0x000005d4        0x4 ./synergy/ssp/src/bsp/mcu/s7g2/bsp_hw_locks.o
                0x000005d4                g_lock_lookup_ICU_0U_10U
 .hw_lock_lookup.ICU_0U_11U
                0x000005d8        0x4 ./synergy/ssp/src/bsp/mcu/s7g2/bsp_hw_locks.o
                0x000005d8                g_lock_lookup_ICU_0U_11U
 .hw_lock_lookup.ICU_0U_12U
                0x000005dc        0x4 ./synergy/ssp/src/bsp/mcu/s7g2/bsp_hw_locks.o
                0x000005dc                g_lock_lookup_ICU_0U_12U
 .hw_lock_lookup.ICU_0U_13U
                0x000005e0        0x4 ./synergy/ssp/src/bsp/mcu/s7g2/bsp_hw_locks.o
                0x000005e0                g_lock_lookup_ICU_0U_13U
 .hw_lock_lookup.ICU_0U_14U
                0x000005e4        0x4 ./synergy/ssp/src/bsp/mcu/s7g2/bsp_hw_locks.o
                0x000005e4                g_lock_lookup_ICU_0U_14U
 .hw_lock_lookup.ICU_0U_15U
                0x000005e8        0x4 ./synergy/ssp/src/bsp/mcu/s7g2/bsp_hw_locks.o
                0x000005e8                g_lock_lookup_ICU_0U_15U
 .hw_lock_lookup.ICU_0U_1U
                0x000005ec        0x4 ./synergy/ssp/src/bsp/mcu/s7g2/bsp_hw_locks.o
                0x000005ec                g_lock_lookup_ICU_0U_1U
 .hw_lock_lookup.ICU_0U_2U
                0x000005f0        0x4 ./synergy/ssp/src/bsp/mcu/s7g2/bsp_hw_locks.o
                0x000005f0                g_lock_lookup_ICU_0U_2U
 .hw_lock_lookup.ICU_0U_3U
                0x000005f4        0x4 ./synergy/ssp/src/bsp/mcu/s7g2/bsp_hw_locks.o
                0x000005f4                g_lock_lookup_ICU_0U_3U
 .hw_lock_lookup.ICU_0U_4U
                0x000005f8        0x4 ./synergy/ssp/src/bsp/mcu/s7g2/bsp_hw_locks.o
                0x000005f8                g_lock_lookup_ICU_0U_4U
 .hw_lock_lookup.ICU_0U_5U
                0x000005fc        0x4 ./synergy/ssp/src/bsp/mcu/s7g2/bsp_hw_locks.o
                0x000005fc                g_lock_lookup_ICU_0U_5U
 .hw_lock_lookup.ICU_0U_6U
                0x00000600        0x4 ./synergy/ssp/src/bsp/mcu/s7g2/bsp_hw_locks.o
                0x00000600                g_lock_lookup_ICU_0U_6U
 .hw_lock_lookup.ICU_0U_7U
                0x00000604        0x4 ./synergy/ssp/src/bsp/mcu/s7g2/bsp_hw_locks.o
                0x00000604                g_lock_lookup_ICU_0U_7U
 .hw_lock_lookup.ICU_0U_8U
                0x00000608        0x4 ./synergy/ssp/src/bsp/mcu/s7g2/bsp_hw_locks.o
                0x00000608                g_lock_lookup_ICU_0U_8U
 .hw_lock_lookup.ICU_0U_9U
                0x0000060c        0x4 ./synergy/ssp/src/bsp/mcu/s7g2/bsp_hw_locks.o
                0x0000060c                g_lock_lookup_ICU_0U_9U
 .hw_lock_lookup.IIC_0U_0U
                0x00000610        0x4 ./synergy/ssp/src/bsp/mcu/s7g2/bsp_hw_locks.o
                0x00000610                g_lock_lookup_IIC_0U_0U
 .hw_lock_lookup.IIC_0U_1U
                0x00000614        0x4 ./synergy/ssp/src/bsp/mcu/s7g2/bsp_hw_locks.o
                0x00000614                g_lock_lookup_IIC_0U_1U
 .hw_lock_lookup.IIC_0U_2U
                0x00000618        0x4 ./synergy/ssp/src/bsp/mcu/s7g2/bsp_hw_locks.o
                0x00000618                g_lock_lookup_IIC_0U_2U
 .hw_lock_lookup.IRDA_0U_0U
                0x0000061c        0x4 ./synergy/ssp/src/bsp/mcu/s7g2/bsp_hw_locks.o
                0x0000061c                g_lock_lookup_IRDA_0U_0U
 .hw_lock_lookup.IWDT_0U_0U
                0x00000620        0x4 ./synergy/ssp/src/bsp/mcu/s7g2/bsp_hw_locks.o
                0x00000620                g_lock_lookup_IWDT_0U_0U
 .hw_lock_lookup.JPEG_0U_0U
                0x00000624        0x4 ./synergy/ssp/src/bsp/mcu/s7g2/bsp_hw_locks.o
                0x00000624                g_lock_lookup_JPEG_0U_0U
 .hw_lock_lookup.KEY_0U_0U
                0x00000628        0x4 ./synergy/ssp/src/bsp/mcu/s7g2/bsp_hw_locks.o
                0x00000628                g_lock_lookup_KEY_0U_0U
 .hw_lock_lookup.LPM_1U_0U
                0x0000062c        0x4 ./synergy/ssp/src/bsp/mcu/s7g2/bsp_hw_locks.o
                0x0000062c                g_lock_lookup_LPM_1U_0U
 .hw_lock_lookup.LVD_0U_0U
                0x00000630        0x4 ./synergy/ssp/src/bsp/mcu/s7g2/bsp_hw_locks.o
                0x00000630                g_lock_lookup_LVD_0U_0U
 .hw_lock_lookup.LVD_0U_1U
                0x00000634        0x4 ./synergy/ssp/src/bsp/mcu/s7g2/bsp_hw_locks.o
                0x00000634                g_lock_lookup_LVD_0U_1U
 .hw_lock_lookup.MMF_0U_0U
                0x00000638        0x4 ./synergy/ssp/src/bsp/mcu/s7g2/bsp_hw_locks.o
                0x00000638                g_lock_lookup_MMF_0U_0U
 .hw_lock_lookup.MPU_0U_0U
                0x0000063c        0x4 ./synergy/ssp/src/bsp/mcu/s7g2/bsp_hw_locks.o
                0x0000063c                g_lock_lookup_MPU_0U_0U
 .hw_lock_lookup.OPS_0U_0U
                0x00000640        0x4 ./synergy/ssp/src/bsp/mcu/s7g2/bsp_hw_locks.o
                0x00000640                g_lock_lookup_OPS_0U_0U
 .hw_lock_lookup.PDC_0U_0U
                0x00000644        0x4 ./synergy/ssp/src/bsp/mcu/s7g2/bsp_hw_locks.o
                0x00000644                g_lock_lookup_PDC_0U_0U
 .hw_lock_lookup.POEG_0U_0U
                0x00000648        0x4 ./synergy/ssp/src/bsp/mcu/s7g2/bsp_hw_locks.o
                0x00000648                g_lock_lookup_POEG_0U_0U
 .hw_lock_lookup.POEG_0U_1U
                0x0000064c        0x4 ./synergy/ssp/src/bsp/mcu/s7g2/bsp_hw_locks.o
                0x0000064c                g_lock_lookup_POEG_0U_1U
 .hw_lock_lookup.POEG_0U_2U
                0x00000650        0x4 ./synergy/ssp/src/bsp/mcu/s7g2/bsp_hw_locks.o
                0x00000650                g_lock_lookup_POEG_0U_2U
 .hw_lock_lookup.POEG_0U_3U
                0x00000654        0x4 ./synergy/ssp/src/bsp/mcu/s7g2/bsp_hw_locks.o
                0x00000654                g_lock_lookup_POEG_0U_3U
 .hw_lock_lookup.QSPI_0U_0U
                0x00000658        0x4 ./synergy/ssp/src/bsp/mcu/s7g2/bsp_hw_locks.o
                0x00000658                g_lock_lookup_QSPI_0U_0U
 .hw_lock_lookup.RTC_0U_0U
                0x0000065c        0x4 ./synergy/ssp/src/bsp/mcu/s7g2/bsp_hw_locks.o
                0x0000065c                g_lock_lookup_RTC_0U_0U
 .hw_lock_lookup.SCE_0U_0U
                0x00000660        0x4 ./synergy/ssp/src/bsp/mcu/s7g2/bsp_hw_locks.o
                0x00000660                g_lock_lookup_SCE_0U_0U
 .hw_lock_lookup.SCI_0U_0U
                0x00000664        0x4 ./synergy/ssp/src/bsp/mcu/s7g2/bsp_hw_locks.o
                0x00000664                g_lock_lookup_SCI_0U_0U
 .hw_lock_lookup.SCI_0U_1U
                0x00000668        0x4 ./synergy/ssp/src/bsp/mcu/s7g2/bsp_hw_locks.o
                0x00000668                g_lock_lookup_SCI_0U_1U
 .hw_lock_lookup.SCI_0U_2U
                0x0000066c        0x4 ./synergy/ssp/src/bsp/mcu/s7g2/bsp_hw_locks.o
                0x0000066c                g_lock_lookup_SCI_0U_2U
 .hw_lock_lookup.SCI_0U_3U
                0x00000670        0x4 ./synergy/ssp/src/bsp/mcu/s7g2/bsp_hw_locks.o
                0x00000670                g_lock_lookup_SCI_0U_3U
 .hw_lock_lookup.SCI_0U_4U
                0x00000674        0x4 ./synergy/ssp/src/bsp/mcu/s7g2/bsp_hw_locks.o
                0x00000674                g_lock_lookup_SCI_0U_4U
 .hw_lock_lookup.SCI_0U_5U
                0x00000678        0x4 ./synergy/ssp/src/bsp/mcu/s7g2/bsp_hw_locks.o
                0x00000678                g_lock_lookup_SCI_0U_5U
 .hw_lock_lookup.SCI_0U_6U
                0x0000067c        0x4 ./synergy/ssp/src/bsp/mcu/s7g2/bsp_hw_locks.o
                0x0000067c                g_lock_lookup_SCI_0U_6U
 .hw_lock_lookup.SCI_0U_7U
                0x00000680        0x4 ./synergy/ssp/src/bsp/mcu/s7g2/bsp_hw_locks.o
                0x00000680                g_lock_lookup_SCI_0U_7U
 .hw_lock_lookup.SCI_0U_8U
                0x00000684        0x4 ./synergy/ssp/src/bsp/mcu/s7g2/bsp_hw_locks.o
                0x00000684                g_lock_lookup_SCI_0U_8U
 .hw_lock_lookup.SCI_0U_9U
                0x00000688        0x4 ./synergy/ssp/src/bsp/mcu/s7g2/bsp_hw_locks.o
                0x00000688                g_lock_lookup_SCI_0U_9U
 .hw_lock_lookup.SDHIMMC_0U_0U
                0x0000068c        0x4 ./synergy/ssp/src/bsp/mcu/s7g2/bsp_hw_locks.o
                0x0000068c                g_lock_lookup_SDHIMMC_0U_0U
 .hw_lock_lookup.SDHIMMC_0U_1U
                0x00000690        0x4 ./synergy/ssp/src/bsp/mcu/s7g2/bsp_hw_locks.o
                0x00000690                g_lock_lookup_SDHIMMC_0U_1U
 .hw_lock_lookup.SPI_0U_0U
                0x00000694        0x4 ./synergy/ssp/src/bsp/mcu/s7g2/bsp_hw_locks.o
                0x00000694                g_lock_lookup_SPI_0U_0U
 .hw_lock_lookup.SPI_0U_1U
                0x00000698        0x4 ./synergy/ssp/src/bsp/mcu/s7g2/bsp_hw_locks.o
                0x00000698                g_lock_lookup_SPI_0U_1U
 .hw_lock_lookup.SRC_0U_0U
                0x0000069c        0x4 ./synergy/ssp/src/bsp/mcu/s7g2/bsp_hw_locks.o
                0x0000069c                g_lock_lookup_SRC_0U_0U
 .hw_lock_lookup.SSI_0U_0U
                0x000006a0        0x4 ./synergy/ssp/src/bsp/mcu/s7g2/bsp_hw_locks.o
                0x000006a0                g_lock_lookup_SSI_0U_0U
 .hw_lock_lookup.SSI_0U_1U
                0x000006a4        0x4 ./synergy/ssp/src/bsp/mcu/s7g2/bsp_hw_locks.o
                0x000006a4                g_lock_lookup_SSI_0U_1U
 .hw_lock_lookup.TSN_0U_0U
                0x000006a8        0x4 ./synergy/ssp/src/bsp/mcu/s7g2/bsp_hw_locks.o
                0x000006a8                g_lock_lookup_TSN_0U_0U
 .hw_lock_lookup.USB_0U_0U
                0x000006ac        0x4 ./synergy/ssp/src/bsp/mcu/s7g2/bsp_hw_locks.o
                0x000006ac                g_lock_lookup_USB_0U_0U
 .hw_lock_lookup.USB_1U_0U
                0x000006b0        0x4 ./synergy/ssp/src/bsp/mcu/s7g2/bsp_hw_locks.o
                0x000006b0                g_lock_lookup_USB_1U_0U
 .hw_lock_lookup.WDT_0U_0U
                0x000006b4        0x4 ./synergy/ssp/src/bsp/mcu/s7g2/bsp_hw_locks.o
                0x000006b4                g_lock_lookup_WDT_0U_0U
                0x000006b8                __Lock_Lookup_End = .
 *(.text*)
 .text          0x000006b8       0x40 c:/program files (x86)/gnu tools arm embedded/7 2017-q4-major/bin/../lib/gcc/arm-none-eabi/7.2.1/thumb/v7e-m/fpv4-sp/hard/crtbegin.o
 .text.R_IOPORT_PinRead
                0x000006f8       0x4c ./synergy/ssp/src/driver/r_ioport/r_ioport.o
                0x000006f8                R_IOPORT_PinRead
 .text.R_IOPORT_PortRead
                0x00000744       0x28 ./synergy/ssp/src/driver/r_ioport/r_ioport.o
                0x00000744                R_IOPORT_PortRead
 .text.R_IOPORT_PortEventInputRead
                0x0000076c       0x28 ./synergy/ssp/src/driver/r_ioport/r_ioport.o
                0x0000076c                R_IOPORT_PortEventInputRead
 .text.R_IOPORT_PinEventInputRead
                0x00000794       0x54 ./synergy/ssp/src/driver/r_ioport/r_ioport.o
                0x00000794                R_IOPORT_PinEventInputRead
 .text.R_IOPORT_PortEventOutputWrite
                0x000007e8       0x38 ./synergy/ssp/src/driver/r_ioport/r_ioport.o
                0x000007e8                R_IOPORT_PortEventOutputWrite
 .text.R_IOPORT_PinEventOutputWrite
                0x00000820       0x58 ./synergy/ssp/src/driver/r_ioport/r_ioport.o
                0x00000820                R_IOPORT_PinEventOutputWrite
 .text.R_IOPORT_VersionGet
                0x00000878       0x14 ./synergy/ssp/src/driver/r_ioport/r_ioport.o
                0x00000878                R_IOPORT_VersionGet
 .text.R_IOPORT_PinWrite
                0x0000088c       0x54 ./synergy/ssp/src/driver/r_ioport/r_ioport.o
                0x0000088c                R_IOPORT_PinWrite
 .text.R_IOPORT_PinDirectionSet
                0x000008e0       0xd0 ./synergy/ssp/src/driver/r_ioport/r_ioport.o
                0x000008e0                R_IOPORT_PinDirectionSet
 .text.R_IOPORT_PortWrite
                0x000009b0       0x38 ./synergy/ssp/src/driver/r_ioport/r_ioport.o
                0x000009b0                R_IOPORT_PortWrite
 .text.R_IOPORT_PortDirectionSet
                0x000009e8       0x40 ./synergy/ssp/src/driver/r_ioport/r_ioport.o
                0x000009e8                R_IOPORT_PortDirectionSet
 .text.bsp_vbatt_init.isra.4
                0x00000a28       0x8c ./synergy/ssp/src/driver/r_ioport/r_ioport.o
 .text.R_IOPORT_EthernetModeCfg
                0x00000ab4       0x54 ./synergy/ssp/src/driver/r_ioport/r_ioport.o
                0x00000ab4                R_IOPORT_EthernetModeCfg
 .text.R_IOPORT_PinsCfg.part.5
                0x00000b08       0xc0 ./synergy/ssp/src/driver/r_ioport/r_ioport.o
 .text.R_IOPORT_PinsCfg
                0x00000bc8       0x10 ./synergy/ssp/src/driver/r_ioport/r_ioport.o
                0x00000bc8                R_IOPORT_PinsCfg
 .text.R_IOPORT_Init
                0x00000bd8       0x88 ./synergy/ssp/src/driver/r_ioport/r_ioport.o
                0x00000bd8                R_IOPORT_Init
 .text.R_IOPORT_PinCfg
                0x00000c60       0xcc ./synergy/ssp/src/driver/r_ioport/r_ioport.o
                0x00000c60                R_IOPORT_PinCfg
 .text.R_ICU_ExternalIrqTriggerSet
                0x00000d2c       0x2c ./synergy/ssp/src/driver/r_icu/r_icu.o
                0x00000d2c                R_ICU_ExternalIrqTriggerSet
 .text.R_ICU_ExternalIrqFilterEnable
                0x00000d58       0x28 ./synergy/ssp/src/driver/r_icu/r_icu.o
                0x00000d58                R_ICU_ExternalIrqFilterEnable
 .text.R_ICU_ExternalIrqFilterDisable
                0x00000d80       0x28 ./synergy/ssp/src/driver/r_icu/r_icu.o
                0x00000d80                R_ICU_ExternalIrqFilterDisable
 .text.R_ICU_ExternalIrqVersionGet
                0x00000da8       0x14 ./synergy/ssp/src/driver/r_icu/r_icu.o
                0x00000da8                R_ICU_ExternalIrqVersionGet
 .text.R_ICU_ExternalIrqDisable
                0x00000dbc       0x74 ./synergy/ssp/src/driver/r_icu/r_icu.o
                0x00000dbc                R_ICU_ExternalIrqDisable
 .text.R_ICU_ExternalIrqClose
                0x00000e30       0x9c ./synergy/ssp/src/driver/r_icu/r_icu.o
                0x00000e30                R_ICU_ExternalIrqClose
 .text.R_ICU_ExternalIrqEnable
                0x00000ecc       0x5c ./synergy/ssp/src/driver/r_icu/r_icu.o
                0x00000ecc                R_ICU_ExternalIrqEnable
 .text.icu_irq_isr
                0x00000f28       0x44 ./synergy/ssp/src/driver/r_icu/r_icu.o
                0x00000f28                icu_irq_isr
 .text.r_icu_externalIRQ_initialize_interrupt
                0x00000f6c       0x98 ./synergy/ssp/src/driver/r_icu/r_icu.o
                0x00000f6c                r_icu_externalIRQ_initialize_interrupt
 .text.R_ICU_ExternalIrqOpen
                0x00001004       0xc8 ./synergy/ssp/src/driver/r_icu/r_icu.o
                0x00001004                R_ICU_ExternalIrqOpen
 .text.R_GPT_Stop
                0x000010cc       0x28 ./synergy/ssp/src/driver/r_gpt/r_gpt.o
                0x000010cc                R_GPT_Stop
 .text.R_GPT_Start
                0x000010f4       0x28 ./synergy/ssp/src/driver/r_gpt/r_gpt.o
                0x000010f4                R_GPT_Start
 .text.R_GPT_VersionGet
                0x0000111c       0x14 ./synergy/ssp/src/driver/r_gpt/r_gpt.o
                0x0000111c                R_GPT_VersionGet
 .text.gpt_period_to_pclk
                0x00001130      0x108 ./synergy/ssp/src/driver/r_gpt/r_gpt.o
 .text.gpt_duty_cycle_to_pclk
                0x00001238       0x80 ./synergy/ssp/src/driver/r_gpt/r_gpt.o
 .text.R_GPT_Close
                0x000012b8       0xa0 ./synergy/ssp/src/driver/r_gpt/r_gpt.o
                0x000012b8                R_GPT_Close
 .text.R_GPT_CounterGet
                0x00001358       0x24 ./synergy/ssp/src/driver/r_gpt/r_gpt.o
                0x00001358                R_GPT_CounterGet
 .text.R_GPT_Reset
                0x0000137c       0x48 ./synergy/ssp/src/driver/r_gpt/r_gpt.o
                0x0000137c                R_GPT_Reset
 .text.R_GPT_PeriodSet
                0x000013c4       0x74 ./synergy/ssp/src/driver/r_gpt/r_gpt.o
                0x000013c4                R_GPT_PeriodSet
 .text.R_GPT_DutyCycleSet
                0x00001438       0x98 ./synergy/ssp/src/driver/r_gpt/r_gpt.o
                0x00001438                R_GPT_DutyCycleSet
 .text.R_GPT_InfoGet
                0x000014d0       0x98 ./synergy/ssp/src/driver/r_gpt/r_gpt.o
                0x000014d0                R_GPT_InfoGet
 .text.R_GPT_TimerOpen
                0x00001568      0x464 ./synergy/ssp/src/driver/r_gpt/r_gpt.o
                0x00001568                R_GPT_TimerOpen
 .text.R_FMI_ProductInfoGet
                0x000019cc       0x28 ./synergy/ssp/src/driver/r_fmi/r_fmi.o
 .text.R_FMI_UniqueIdGet
                0x000019f4       0x30 ./synergy/ssp/src/driver/r_fmi/r_fmi.o
 .text.R_FMI_VersionGet
                0x00001a24       0x14 ./synergy/ssp/src/driver/r_fmi/r_fmi.o
 .text.R_FMI_EventInfoGet
                0x00001a38       0x6c ./synergy/ssp/src/driver/r_fmi/r_fmi.o
 .text.R_FMI_Init
                0x00001aa4       0xb4 ./synergy/ssp/src/driver/r_fmi/r_fmi.o
 .text.R_FMI_FeatureGet
                0x00001b58      0x234 ./synergy/ssp/src/driver/r_fmi/r_fmi.o
 .text.R_ELC_LinkSet
                0x00001d8c       0x14 ./synergy/ssp/src/driver/r_elc/r_elc.o
                0x00001d8c                R_ELC_LinkSet
 .text.R_ELC_LinkBreak
                0x00001da0       0x14 ./synergy/ssp/src/driver/r_elc/r_elc.o
                0x00001da0                R_ELC_LinkBreak
 .text.R_ELC_Enable
                0x00001db4       0x14 ./synergy/ssp/src/driver/r_elc/r_elc.o
                0x00001db4                R_ELC_Enable
 .text.R_ELC_Disable
                0x00001dc8       0x14 ./synergy/ssp/src/driver/r_elc/r_elc.o
                0x00001dc8                R_ELC_Disable
 .text.R_ELC_VersionGet
                0x00001ddc       0x14 ./synergy/ssp/src/driver/r_elc/r_elc.o
                0x00001ddc                R_ELC_VersionGet
 .text.R_ELC_SoftwareEventGenerate
                0x00001df0       0x30 ./synergy/ssp/src/driver/r_elc/r_elc.o
                0x00001df0                R_ELC_SoftwareEventGenerate
 .text.R_ELC_Init
                0x00001e20       0x7c ./synergy/ssp/src/driver/r_elc/r_elc.o
                0x00001e20                R_ELC_Init
 .text.HW_CGC_Init
                0x00001e9c       0x34 ./synergy/ssp/src/driver/r_cgc/hw/hw_cgc.o
                0x00001e9c                HW_CGC_Init
 .text.HW_CGC_InitPLLFreq
                0x00001ed0       0xdc ./synergy/ssp/src/driver/r_cgc/hw/hw_cgc.o
                0x00001ed0                HW_CGC_InitPLLFreq
 .text.HW_CGC_MainClockDriveSet
                0x00001fac       0x3c ./synergy/ssp/src/driver/r_cgc/hw/hw_cgc.o
                0x00001fac                HW_CGC_MainClockDriveSet
 .text.HW_CGC_SubClockDriveSet
                0x00001fe8       0x3c ./synergy/ssp/src/driver/r_cgc/hw/hw_cgc.o
                0x00001fe8                HW_CGC_SubClockDriveSet
 .text.HW_CGC_ClockStart
                0x00002024       0xa0 ./synergy/ssp/src/driver/r_cgc/hw/hw_cgc.o
                0x00002024                HW_CGC_ClockStart
 .text.HW_CGC_ClockStop
                0x000020c4       0xa0 ./synergy/ssp/src/driver/r_cgc/hw/hw_cgc.o
                0x000020c4                HW_CGC_ClockStop
 .text.HW_CGC_ClockCheck
                0x00002164       0x2c ./synergy/ssp/src/driver/r_cgc/hw/hw_cgc.o
                0x00002164                HW_CGC_ClockCheck
 .text.HW_CGC_ClockRunStateGet
                0x00002190       0x78 ./synergy/ssp/src/driver/r_cgc/hw/hw_cgc.o
                0x00002190                HW_CGC_ClockRunStateGet
 .text.HW_CGC_DelayCycles
                0x00002208        0x8 ./synergy/ssp/src/driver/r_cgc/hw/hw_cgc.o
                0x00002208                HW_CGC_DelayCycles
 .text.HW_CGC_MainOscSourceSet
                0x00002210       0x24 ./synergy/ssp/src/driver/r_cgc/hw/hw_cgc.o
                0x00002210                HW_CGC_MainOscSourceSet
 .text.HW_CGC_ClockWaitSet
                0x00002234       0x24 ./synergy/ssp/src/driver/r_cgc/hw/hw_cgc.o
                0x00002234                HW_CGC_ClockWaitSet
 .text.HW_CGC_ClockSourceValidCheck
                0x00002258       0x28 ./synergy/ssp/src/driver/r_cgc/hw/hw_cgc.o
                0x00002258                HW_CGC_ClockSourceValidCheck
 .text.HW_CGC_ClockSourceGet
                0x00002280        0xc ./synergy/ssp/src/driver/r_cgc/hw/hw_cgc.o
                0x00002280                HW_CGC_ClockSourceGet
 .text.HW_CGC_ClockSourceSet
                0x0000228c       0x24 ./synergy/ssp/src/driver/r_cgc/hw/hw_cgc.o
                0x0000228c                HW_CGC_ClockSourceSet
 .text.HW_CGC_PLLClockSourceGet
                0x000022b0       0x24 ./synergy/ssp/src/driver/r_cgc/hw/hw_cgc.o
                0x000022b0                HW_CGC_PLLClockSourceGet
 .text.HW_CGC_PLLClockSourceSet
                0x000022d4       0x28 ./synergy/ssp/src/driver/r_cgc/hw/hw_cgc.o
                0x000022d4                HW_CGC_PLLClockSourceSet
 .text.HW_CGC_PLLMultiplierSet
                0x000022fc       0x84 ./synergy/ssp/src/driver/r_cgc/hw/hw_cgc.o
                0x000022fc                HW_CGC_PLLMultiplierSet
 .text.HW_CGC_PLLDividerSet
                0x00002380       0x70 ./synergy/ssp/src/driver/r_cgc/hw/hw_cgc.o
                0x00002380                HW_CGC_PLLDividerSet
 .text.HW_CGC_SystemDividersSet
                0x000023f0       0x70 ./synergy/ssp/src/driver/r_cgc/hw/hw_cgc.o
                0x000023f0                HW_CGC_SystemDividersSet
 .text.HW_CGC_SystemDividersGet
                0x00002460       0x3c ./synergy/ssp/src/driver/r_cgc/hw/hw_cgc.o
                0x00002460                HW_CGC_SystemDividersGet
 .text.HW_CGC_ClockCfgValidCheck
                0x0000249c       0x58 ./synergy/ssp/src/driver/r_cgc/hw/hw_cgc.o
                0x0000249c                HW_CGC_ClockCfgValidCheck
 .text.HW_CGC_ClockDividerGet
                0x000024f4       0x4c ./synergy/ssp/src/driver/r_cgc/hw/hw_cgc.o
                0x000024f4                HW_CGC_ClockDividerGet
 .text.HW_CGC_ClockHzGet
                0x00002540       0x20 ./synergy/ssp/src/driver/r_cgc/hw/hw_cgc.o
                0x00002540                HW_CGC_ClockHzGet
 .text.HW_CGC_ClockHzCalculate
                0x00002560       0x10 ./synergy/ssp/src/driver/r_cgc/hw/hw_cgc.o
                0x00002560                HW_CGC_ClockHzCalculate
 .text.HW_CGC_OperatingModeSet
                0x00002570       0xb4 ./synergy/ssp/src/driver/r_cgc/hw/hw_cgc.o
                0x00002570                HW_CGC_OperatingModeSet
 .text.HW_CGC_OperatingModeGet
                0x00002624       0x14 ./synergy/ssp/src/driver/r_cgc/hw/hw_cgc.o
                0x00002624                HW_CGC_OperatingModeGet
 .text.HW_CGC_OscStopDetectEnable
                0x00002638       0x2c ./synergy/ssp/src/driver/r_cgc/hw/hw_cgc.o
                0x00002638                HW_CGC_OscStopDetectEnable
 .text.HW_CGC_OscStopDetectDisable
                0x00002664       0x2c ./synergy/ssp/src/driver/r_cgc/hw/hw_cgc.o
                0x00002664                HW_CGC_OscStopDetectDisable
 .text.HW_CGC_OscStopDetectEnabledGet
                0x00002690        0x8 ./synergy/ssp/src/driver/r_cgc/hw/hw_cgc.o
                0x00002690                HW_CGC_OscStopDetectEnabledGet
 .text.HW_CGC_OscStopDetectGet
                0x00002698        0xc ./synergy/ssp/src/driver/r_cgc/hw/hw_cgc.o
                0x00002698                HW_CGC_OscStopDetectGet
 .text.HW_CGC_OscStopStatusClear
                0x000026a4       0x30 ./synergy/ssp/src/driver/r_cgc/hw/hw_cgc.o
                0x000026a4                HW_CGC_OscStopStatusClear
 .text.HW_CGC_BusClockOutCfg
                0x000026d4       0x24 ./synergy/ssp/src/driver/r_cgc/hw/hw_cgc.o
                0x000026d4                HW_CGC_BusClockOutCfg
 .text.HW_CGC_BusClockOutEnable
                0x000026f8       0x20 ./synergy/ssp/src/driver/r_cgc/hw/hw_cgc.o
                0x000026f8                HW_CGC_BusClockOutEnable
 .text.HW_CGC_BusClockOutDisable
                0x00002718       0x20 ./synergy/ssp/src/driver/r_cgc/hw/hw_cgc.o
                0x00002718                HW_CGC_BusClockOutDisable
 .text.HW_CGC_ClockOutCfg
                0x00002738       0x3c ./synergy/ssp/src/driver/r_cgc/hw/hw_cgc.o
                0x00002738                HW_CGC_ClockOutCfg
 .text.HW_CGC_ClockOutEnable
                0x00002774       0x20 ./synergy/ssp/src/driver/r_cgc/hw/hw_cgc.o
                0x00002774                HW_CGC_ClockOutEnable
 .text.HW_CGC_ClockOutDisable
                0x00002794       0x20 ./synergy/ssp/src/driver/r_cgc/hw/hw_cgc.o
                0x00002794                HW_CGC_ClockOutDisable
 .text.HW_CGC_SDRAMClockOutEnable
                0x000027b4       0x20 ./synergy/ssp/src/driver/r_cgc/hw/hw_cgc.o
                0x000027b4                HW_CGC_SDRAMClockOutEnable
 .text.HW_CGC_SDRAMClockOutDisable
                0x000027d4       0x20 ./synergy/ssp/src/driver/r_cgc/hw/hw_cgc.o
                0x000027d4                HW_CGC_SDRAMClockOutDisable
 .text.HW_CGC_USBClockCfg
                0x000027f4       0x24 ./synergy/ssp/src/driver/r_cgc/hw/hw_cgc.o
                0x000027f4                HW_CGC_USBClockCfg
 .text.HW_CGC_SystickUpdate
                0x00002818       0x48 ./synergy/ssp/src/driver/r_cgc/hw/hw_cgc.o
                0x00002818                HW_CGC_SystickUpdate
 .text.HW_CGC_LCDClockCfg
                0x00002860       0x10 ./synergy/ssp/src/driver/r_cgc/hw/hw_cgc.o
                0x00002860                HW_CGC_LCDClockCfg
 .text.HW_CGC_LCDClockCfgGet
                0x00002870        0xc ./synergy/ssp/src/driver/r_cgc/hw/hw_cgc.o
                0x00002870                HW_CGC_LCDClockCfgGet
 .text.HW_CGC_LCDClockEnable
                0x0000287c       0x10 ./synergy/ssp/src/driver/r_cgc/hw/hw_cgc.o
                0x0000287c                HW_CGC_LCDClockEnable
 .text.HW_CGC_LCDClockDisable
                0x0000288c       0x10 ./synergy/ssp/src/driver/r_cgc/hw/hw_cgc.o
                0x0000288c                HW_CGC_LCDClockDisable
 .text.HW_CGC_LCDClockIsEnabled
                0x0000289c        0x8 ./synergy/ssp/src/driver/r_cgc/hw/hw_cgc.o
                0x0000289c                HW_CGC_LCDClockIsEnabled
 .text.HW_CGC_SDADCClockCfg
                0x000028a4       0x1c ./synergy/ssp/src/driver/r_cgc/hw/hw_cgc.o
                0x000028a4                HW_CGC_SDADCClockCfg
 .text.HW_CGC_SDADCClockEnable
                0x000028c0       0x10 ./synergy/ssp/src/driver/r_cgc/hw/hw_cgc.o
                0x000028c0                HW_CGC_SDADCClockEnable
 .text.HW_CGC_SDADCClockDisable
                0x000028d0       0x10 ./synergy/ssp/src/driver/r_cgc/hw/hw_cgc.o
                0x000028d0                HW_CGC_SDADCClockDisable
 .text.HW_CGC_SDADCClockIsEnabled
                0x000028e0        0x8 ./synergy/ssp/src/driver/r_cgc/hw/hw_cgc.o
                0x000028e0                HW_CGC_SDADCClockIsEnabled
 .text.HW_CGC_HocoWaitControlSet
                0x000028e8       0x24 ./synergy/ssp/src/driver/r_cgc/hw/hw_cgc.o
                0x000028e8                HW_CGC_HocoWaitControlSet
 .text.R_CGC_VersionGet
                0x0000290c       0x14 ./synergy/ssp/src/driver/r_cgc/r_cgc.o
                0x0000290c                R_CGC_VersionGet
 .text.R_CGC_Init
                0x00002920       0xb4 ./synergy/ssp/src/driver/r_cgc/r_cgc.o
                0x00002920                R_CGC_Init
 .text.R_CGC_OscStopStatusClear
                0x000029d4       0x50 ./synergy/ssp/src/driver/r_cgc/r_cgc.o
                0x000029d4                R_CGC_OscStopStatusClear
 .text.R_CGC_BusClockOutCfg
                0x00002a24       0x14 ./synergy/ssp/src/driver/r_cgc/r_cgc.o
                0x00002a24                R_CGC_BusClockOutCfg
 .text.R_CGC_BusClockOutEnable
                0x00002a38       0x14 ./synergy/ssp/src/driver/r_cgc/r_cgc.o
                0x00002a38                R_CGC_BusClockOutEnable
 .text.R_CGC_BusClockOutDisable
                0x00002a4c       0x14 ./synergy/ssp/src/driver/r_cgc/r_cgc.o
                0x00002a4c                R_CGC_BusClockOutDisable
 .text.R_CGC_ClockOutCfg
                0x00002a60       0x18 ./synergy/ssp/src/driver/r_cgc/r_cgc.o
                0x00002a60                R_CGC_ClockOutCfg
 .text.R_CGC_ClockOutEnable
                0x00002a78       0x14 ./synergy/ssp/src/driver/r_cgc/r_cgc.o
                0x00002a78                R_CGC_ClockOutEnable
 .text.R_CGC_ClockOutDisable
                0x00002a8c       0x14 ./synergy/ssp/src/driver/r_cgc/r_cgc.o
                0x00002a8c                R_CGC_ClockOutDisable
 .text.r_cgc_subosc_mode_possible
                0x00002aa0       0x54 ./synergy/ssp/src/driver/r_cgc/r_cgc.o
 .text.R_CGC_ClockCheck
                0x00002af4       0x68 ./synergy/ssp/src/driver/r_cgc/r_cgc.o
                0x00002af4                R_CGC_ClockCheck
 .text.r_cgc_stabilization_wait
                0x00002b5c       0x30 ./synergy/ssp/src/driver/r_cgc/r_cgc.o
 .text.r_cgc_operating_mode_set
                0x00002b8c       0x74 ./synergy/ssp/src/driver/r_cgc/r_cgc.o
 .text.R_CGC_ClockStart
                0x00002c00      0x1a8 ./synergy/ssp/src/driver/r_cgc/r_cgc.o
                0x00002c00                R_CGC_ClockStart
 .text.R_CGC_ClockStop
                0x00002da8       0xd4 ./synergy/ssp/src/driver/r_cgc/r_cgc.o
                0x00002da8                R_CGC_ClockStop
 .text.R_CGC_SystemClockGet
                0x00002e7c       0x28 ./synergy/ssp/src/driver/r_cgc/r_cgc.o
                0x00002e7c                R_CGC_SystemClockGet
 .text.R_CGC_SystemClockFreqGet
                0x00002ea4       0x98 ./synergy/ssp/src/driver/r_cgc/r_cgc.o
                0x00002ea4                R_CGC_SystemClockFreqGet
 .text.R_CGC_SystemClockSet
                0x00002f3c      0x178 ./synergy/ssp/src/driver/r_cgc/r_cgc.o
                0x00002f3c                R_CGC_SystemClockSet
 .text.R_CGC_OscStopDetect
                0x000030b4       0xdc ./synergy/ssp/src/driver/r_cgc/r_cgc.o
                0x000030b4                R_CGC_OscStopDetect
 .text.R_CGC_LCDClockEnable.part.11
                0x00003190       0x44 ./synergy/ssp/src/driver/r_cgc/r_cgc.o
 .text.R_CGC_LCDClockEnable
                0x000031d4       0x18 ./synergy/ssp/src/driver/r_cgc/r_cgc.o
                0x000031d4                R_CGC_LCDClockEnable
 .text.R_CGC_LCDClockDisable.part.12
                0x000031ec       0x44 ./synergy/ssp/src/driver/r_cgc/r_cgc.o
 .text.R_CGC_LCDClockDisable
                0x00003230       0x18 ./synergy/ssp/src/driver/r_cgc/r_cgc.o
                0x00003230                R_CGC_LCDClockDisable
 .text.R_CGC_LCDClockCfg
                0x00003248       0xa4 ./synergy/ssp/src/driver/r_cgc/r_cgc.o
                0x00003248                R_CGC_LCDClockCfg
 .text.R_CGC_SDADCClockEnable.part.14
                0x000032ec       0x20 ./synergy/ssp/src/driver/r_cgc/r_cgc.o
 .text.R_CGC_SDADCClockEnable
                0x0000330c       0x18 ./synergy/ssp/src/driver/r_cgc/r_cgc.o
                0x0000330c                R_CGC_SDADCClockEnable
 .text.R_CGC_SDADCClockDisable.part.15
                0x00003324       0x20 ./synergy/ssp/src/driver/r_cgc/r_cgc.o
 .text.R_CGC_SDADCClockDisable
                0x00003344       0x18 ./synergy/ssp/src/driver/r_cgc/r_cgc.o
                0x00003344                R_CGC_SDADCClockDisable
 .text.R_CGC_SDADCClockCfg
                0x0000335c       0x70 ./synergy/ssp/src/driver/r_cgc/r_cgc.o
                0x0000335c                R_CGC_SDADCClockCfg
 .text.R_CGC_SDRAMClockOutEnable
                0x000033cc       0x20 ./synergy/ssp/src/driver/r_cgc/r_cgc.o
                0x000033cc                R_CGC_SDRAMClockOutEnable
 .text.R_CGC_SDRAMClockOutDisable
                0x000033ec       0x20 ./synergy/ssp/src/driver/r_cgc/r_cgc.o
                0x000033ec                R_CGC_SDRAMClockOutDisable
 .text.R_CGC_USBClockCfg
                0x0000340c       0x24 ./synergy/ssp/src/driver/r_cgc/r_cgc.o
                0x0000340c                R_CGC_USBClockCfg
 .text.R_CGC_SystickUpdate
                0x00003430       0x64 ./synergy/ssp/src/driver/r_cgc/r_cgc.o
                0x00003430                R_CGC_SystickUpdate
 .text.R_CGC_ClocksCfg
                0x00003494      0x1c8 ./synergy/ssp/src/driver/r_cgc/r_cgc.o
                0x00003494                R_CGC_ClocksCfg
 .text.R_ADC_VersionGet
                0x0000365c       0x14 ./synergy/ssp/src/driver/r_adc/r_adc.o
                0x0000365c                R_ADC_VersionGet
 .text.R_ADC_OffsetSet
                0x00003670        0x4 ./synergy/ssp/src/driver/r_adc/r_adc.o
                0x00003670                R_ADC_OffsetSet
 .text.R_ADC_ScanStart
                0x00003674       0x44 ./synergy/ssp/src/driver/r_adc/r_adc.o
                0x00003674                R_ADC_ScanStart
 .text.R_ADC_ScanStop
                0x000036b8       0x34 ./synergy/ssp/src/driver/r_adc/r_adc.o
                0x000036b8                R_ADC_ScanStop
 .text.R_ADC_CheckScanDone
                0x000036ec       0x28 ./synergy/ssp/src/driver/r_adc/r_adc.o
                0x000036ec                R_ADC_CheckScanDone
 .text.R_ADC_Read
                0x00003714       0x68 ./synergy/ssp/src/driver/r_adc/r_adc.o
                0x00003714                R_ADC_Read
 .text.R_ADC_Read32
                0x0000377c       0x38 ./synergy/ssp/src/driver/r_adc/r_adc.o
                0x0000377c                R_ADC_Read32
 .text.R_ADC_SetSampleStateCount
                0x000037b4       0x78 ./synergy/ssp/src/driver/r_adc/r_adc.o
                0x000037b4                R_ADC_SetSampleStateCount
 .text.R_ADC_InfoGet
                0x0000382c       0xe8 ./synergy/ssp/src/driver/r_adc/r_adc.o
                0x0000382c                R_ADC_InfoGet
 .text.R_ADC_Calibrate
                0x00003914       0x48 ./synergy/ssp/src/driver/r_adc/r_adc.o
                0x00003914                R_ADC_Calibrate
 .text.r_adc_close_sub
                0x0000395c       0x68 ./synergy/ssp/src/driver/r_adc/r_adc.o
 .text.R_ADC_Close
                0x000039c4      0x104 ./synergy/ssp/src/driver/r_adc/r_adc.o
                0x000039c4                R_ADC_Close
 .text.R_ADC_Open
                0x00003ac8      0x438 ./synergy/ssp/src/driver/r_adc/r_adc.o
                0x00003ac8                R_ADC_Open
 .text.R_ADC_ScanConfigure
                0x00003f00      0x434 ./synergy/ssp/src/driver/r_adc/r_adc.o
                0x00003f00                R_ADC_ScanConfigure
 .text.R_BSP_CacheOff
                0x00004334       0x28 ./synergy/ssp/src/bsp/mcu/s7g2/bsp_cache.o
                0x00004334                R_BSP_CacheOff
 .text.R_BSP_CacheSet
                0x0000435c       0x48 ./synergy/ssp/src/bsp/mcu/s7g2/bsp_cache.o
                0x0000435c                R_BSP_CacheSet
 .text.bsp_clock_init
                0x000043a4       0xa0 ./synergy/ssp/src/bsp/mcu/s7g2/bsp_clocks.o
                0x000043a4                bsp_clock_init
 .text.bsp_cpu_clock_get
                0x00004444       0x20 ./synergy/ssp/src/bsp/mcu/s7g2/bsp_clocks.o
                0x00004444                bsp_cpu_clock_get
 .text.bsp_clock_set_callback
                0x00004464      0x138 ./synergy/ssp/src/bsp/mcu/s7g2/bsp_clocks.o
                0x00004464                bsp_clock_set_callback
 .text.R_BSP_FeatureAdcGet
                0x0000459c       0x30 ./synergy/ssp/src/bsp/mcu/s7g2/bsp_feature.o
                0x0000459c                R_BSP_FeatureAdcGet
 .text.R_BSP_FeatureIoportGet
                0x000045cc        0xc ./synergy/ssp/src/bsp/mcu/s7g2/bsp_feature.o
                0x000045cc                R_BSP_FeatureIoportGet
 .text.R_BSP_FeatureCgcGet
                0x000045d8        0xc ./synergy/ssp/src/bsp/mcu/s7g2/bsp_feature.o
                0x000045d8                R_BSP_FeatureCgcGet
 .text.bsp_group_interrupt_open
                0x000045e4       0x18 ./synergy/ssp/src/bsp/mcu/s7g2/bsp_group_irq.o
                0x000045e4                bsp_group_interrupt_open
 .text.R_BSP_GroupIrqWrite
                0x000045fc       0x10 ./synergy/ssp/src/bsp/mcu/s7g2/bsp_group_irq.o
                0x000045fc                R_BSP_GroupIrqWrite
 .text.NMI_Handler
                0x0000460c      0x1c8 ./synergy/ssp/src/bsp/mcu/s7g2/bsp_group_irq.o
                0x0000460c                NMI_Handler
 .text.r_bsp_get_mstp_mask
                0x000047d4       0x4c ./synergy/ssp/src/bsp/mcu/s7g2/bsp_module_stop.o
 .text.r_bsp_module_start_stop
                0x00004820       0x6c ./synergy/ssp/src/bsp/mcu/s7g2/bsp_module_stop.o
 .text.R_BSP_ModuleStop
                0x0000488c        0x8 ./synergy/ssp/src/bsp/mcu/s7g2/bsp_module_stop.o
                0x0000488c                R_BSP_ModuleStop
 .text.R_BSP_ModuleStart
                0x00004894        0x8 ./synergy/ssp/src/bsp/mcu/s7g2/bsp_module_stop.o
                0x00004894                R_BSP_ModuleStart
 .text.software_delay_loop
                0x0000489c        0xc ./synergy/ssp/src/bsp/mcu/all/bsp_delay.o
 .text.R_BSP_SoftwareDelay
                0x000048a8       0x60 ./synergy/ssp/src/bsp/mcu/all/bsp_delay.o
                0x000048a8                R_BSP_SoftwareDelay
 .text.R_BSP_IrqStatusClear
                0x00004908       0x18 ./synergy/ssp/src/bsp/mcu/all/bsp_irq.o
                0x00004908                R_BSP_IrqStatusClear
 .text.bsp_irq_cfg
                0x00004920       0x40 ./synergy/ssp/src/bsp/mcu/all/bsp_irq.o
                0x00004920                bsp_irq_cfg
 .text.R_BSP_HardwareLock
                0x00004960       0x68 ./synergy/ssp/src/bsp/mcu/all/bsp_locking.o
                0x00004960                R_BSP_HardwareLock
 .text.R_BSP_HardwareUnlock
                0x000049c8       0x4c ./synergy/ssp/src/bsp/mcu/all/bsp_locking.o
                0x000049c8                R_BSP_HardwareUnlock
 .text.bsp_init_hardware_locks
                0x00004a14       0x68 ./synergy/ssp/src/bsp/mcu/all/bsp_locking.o
                0x00004a14                bsp_init_hardware_locks
 .text.R_BSP_RegisterProtectEnable
                0x00004a7c       0x60 ./synergy/ssp/src/bsp/mcu/all/bsp_register_protection.o
                0x00004a7c                R_BSP_RegisterProtectEnable
 .text.R_BSP_RegisterProtectDisable
                0x00004adc       0x4c ./synergy/ssp/src/bsp/mcu/all/bsp_register_protection.o
                0x00004adc                R_BSP_RegisterProtectDisable
 .text.bsp_register_protect_open
                0x00004b28       0x10 ./synergy/ssp/src/bsp/mcu/all/bsp_register_protection.o
                0x00004b28                bsp_register_protect_open
 .text.Default_Handler
                0x00004b38        0x4 ./synergy/ssp/src/bsp/cmsis/Device/RENESAS/S7G2/Source/startup_S7G2.o
                0x00004b38                DebugMon_Handler
                0x00004b38                HardFault_Handler
                0x00004b38                SysTick_Handler
                0x00004b38                PendSV_Handler
                0x00004b38                UsageFault_Handler
                0x00004b38                Default_Handler
                0x00004b38                MemManage_Handler
                0x00004b38                SVC_Handler
                0x00004b38                BusFault_Handler
 .text.Reset_Handler
                0x00004b3c        0xc ./synergy/ssp/src/bsp/cmsis/Device/RENESAS/S7G2/Source/startup_S7G2.o
                0x00004b3c                Reset_Handler
 .text.R_BSP_WarmStart
                0x00004b48        0x4 ./synergy/ssp/src/bsp/cmsis/Device/RENESAS/S7G2/Source/system_S7G2.o
                0x00004b48                R_BSP_WarmStart
 .text.SystemInit
                0x00004b4c       0xe0 ./synergy/ssp/src/bsp/cmsis/Device/RENESAS/S7G2/Source/system_S7G2.o
                0x00004b4c                SystemInit
 .text.bsp_init
                0x00004c2c        0x4 ./synergy/board/s7g2_sk/bsp_init.o
                0x00004c2c                bsp_init
 .text.bsp_qspi_xip_mode
                0x00004c30       0x80 ./synergy/board/s7g2_sk/bsp_qspi.o
 .text.bsp_qspi_init
                0x00004cb0      0x138 ./synergy/board/s7g2_sk/bsp_qspi.o
                0x00004cb0                bsp_qspi_init
 .text.startup.main
                0x00004de8        0xc ./src/synergy_gen/main.o
                0x00004de8                main
 .text.Call_Back_IRQ0_RPM
                0x00004df4       0x70 ./src/hal_entry.o
                0x00004df4                Call_Back_IRQ0_RPM
 .text.hal_entry
                0x00004e64      0x2d4 ./src/hal_entry.o
                0x00004e64                hal_entry
 .text          0x00005138       0x30 c:/program files (x86)/gnu tools arm embedded/7 2017-q4-major/bin/../lib/gcc/arm-none-eabi/7.2.1/thumb/v7e-m/fpv4-sp/hard\libgcc.a(_aeabi_uldivmod.o)
                0x00005138                __aeabi_uldivmod
 .text          0x00005168      0x2cc c:/program files (x86)/gnu tools arm embedded/7 2017-q4-major/bin/../lib/gcc/arm-none-eabi/7.2.1/thumb/v7e-m/fpv4-sp/hard\libgcc.a(_udivmoddi4.o)
                0x00005168                __udivmoddi4
 .text          0x00005434        0x4 c:/program files (x86)/gnu tools arm embedded/7 2017-q4-major/bin/../lib/gcc/arm-none-eabi/7.2.1/thumb/v7e-m/fpv4-sp/hard\libgcc.a(_dvmd_tls.o)
                0x00005434                __aeabi_idiv0
                0x00005434                __aeabi_ldiv0
 *(.version)
 .version       0x00005438       0x60 ./synergy/ssp/src/bsp/mcu/all/bsp_common.o
 *(.init)
 .init          0x00005498        0x4 c:/program files (x86)/gnu tools arm embedded/7 2017-q4-major/bin/../lib/gcc/arm-none-eabi/7.2.1/thumb/v7e-m/fpv4-sp/hard/crti.o
                0x00005498                _init
 .init          0x0000549c        0x8 c:/program files (x86)/gnu tools arm embedded/7 2017-q4-major/bin/../lib/gcc/arm-none-eabi/7.2.1/thumb/v7e-m/fpv4-sp/hard/crtn.o
 *(.fini)
 .fini          0x000054a4        0x4 c:/program files (x86)/gnu tools arm embedded/7 2017-q4-major/bin/../lib/gcc/arm-none-eabi/7.2.1/thumb/v7e-m/fpv4-sp/hard/crti.o
                0x000054a4                _fini
 .fini          0x000054a8        0x8 c:/program files (x86)/gnu tools arm embedded/7 2017-q4-major/bin/../lib/gcc/arm-none-eabi/7.2.1/thumb/v7e-m/fpv4-sp/hard/crtn.o
 *crtbegin.o(.ctors)
 *crtbegin?.o(.ctors)
 *(EXCLUDE_FILE(*crtend.o *crtend?.o) .ctors)
 *(SORT_BY_NAME(.ctors.*))
 *(.ctors)
 *crtbegin.o(.dtors)
 *crtbegin?.o(.dtors)
 *(EXCLUDE_FILE(*crtend.o *crtend?.o) .dtors)
 *(SORT_BY_NAME(.dtors.*))
 *(.dtors)
 *(.rodata*)
 .rodata.g_ioport_on_ioport
                0x000054b0       0x3c ./synergy/ssp/src/driver/r_ioport/r_ioport.o
                0x000054b0                g_ioport_on_ioport
 .rodata.g_vbatt_pins_input
                0x000054ec        0x6 ./synergy/ssp/src/driver/r_ioport/r_ioport.o
 *fill*         0x000054f2        0x2 ff
 .rodata.g_external_irq_on_icu
                0x000054f4       0x20 ./synergy/ssp/src/driver/r_icu/r_icu.o
                0x000054f4                g_external_irq_on_icu
 .rodata.g_icu_version
                0x00005514        0x4 ./synergy/ssp/src/driver/r_icu/r_icu.o
 .rodata.g_gpt_version
                0x00005518        0x4 ./synergy/ssp/src/driver/r_gpt/r_gpt.o
 .rodata.g_timer_on_gpt
                0x0000551c       0x28 ./synergy/ssp/src/driver/r_gpt/r_gpt.o
                0x0000551c                g_timer_on_gpt
 .rodata.bit_count
                0x00005544       0x80 ./synergy/ssp/src/driver/r_fmi/r_fmi.o
 .rodata.bit_count_mask
                0x000055c4        0x8 ./synergy/ssp/src/driver/r_fmi/r_fmi.o
 .rodata.g_fmi_on_fmi
                0x000055cc       0x18 ./synergy/ssp/src/driver/r_fmi/r_fmi.o
                0x000055cc                g_fmi_on_fmi
 .rodata.g_fmi_version
                0x000055e4        0x4 ./synergy/ssp/src/driver/r_fmi/r_fmi.o
 .rodata.g_elc_on_elc
                0x000055e8       0x1c ./synergy/ssp/src/driver/r_elc/r_elc.o
                0x000055e8                g_elc_on_elc
 .rodata.s_elc_version
                0x00005604        0x4 ./synergy/ssp/src/driver/r_elc/r_elc.o
 .rodata.g_pllccr2_div_setting
                0x00005608        0x8 ./synergy/ssp/src/driver/r_cgc/hw/hw_cgc.o
 .rodata.g_pllccr2_div_value
                0x00005610        0x6 ./synergy/ssp/src/driver/r_cgc/hw/hw_cgc.o
 *fill*         0x00005616        0x2 ff
 .rodata.g_pllccr_div_setting
                0x00005618        0x6 ./synergy/ssp/src/driver/r_cgc/hw/hw_cgc.o
 *fill*         0x0000561e        0x2 ff
 .rodata.g_pllccr_div_value
                0x00005620        0x6 ./synergy/ssp/src/driver/r_cgc/hw/hw_cgc.o
 *fill*         0x00005626        0x2 ff
 .rodata.g_cgc_on_cgc
                0x00005628       0x6c ./synergy/ssp/src/driver/r_cgc/r_cgc.o
                0x00005628                g_cgc_on_cgc
 .rodata.g_cgc_version
                0x00005694        0x4 ./synergy/ssp/src/driver/r_cgc/r_cgc.o
 .rodata.g_lcd_clock_settings
                0x00005698        0x6 ./synergy/ssp/src/driver/r_cgc/r_cgc.o
 *fill*         0x0000569e        0x2 ff
 .rodata.g_adc_on_adc
                0x000056a0       0x34 ./synergy/ssp/src/driver/r_adc/r_adc.o
                0x000056a0                g_adc_on_adc
 .rodata.s_adc_version
                0x000056d4        0x4 ./synergy/ssp/src/driver/r_adc/r_adc.o
 .rodata.g_cgc_feature
                0x000056d8       0x2c ./synergy/ssp/src/bsp/mcu/s7g2/bsp_feature.o
 .rodata.g_fmi_data
                0x00005704      0x400 ./synergy/ssp/src/bsp/mcu/s7g2/bsp_fmi_R7FS7G27H3A01CFC.o
                0x00005704                g_fmi_data
 .rodata.g_bsp_module_stop
                0x00005b04       0x46 ./synergy/ssp/src/bsp/mcu/s7g2/bsp_module_stop.o
 *fill*         0x00005b4a        0x2 ff
 .rodata.gp_mstp
                0x00005b4c       0x10 ./synergy/ssp/src/bsp/mcu/s7g2/bsp_module_stop.o
 .rodata.gp_vector_information
                0x00005b5c        0x4 ./synergy/ssp/src/bsp/mcu/all/bsp_irq.o
                0x00005b5c                gp_vector_information
 .rodata.g_prcr_masks
                0x00005b60        0x6 ./synergy/ssp/src/bsp/mcu/all/bsp_register_protection.o
 *fill*         0x00005b66        0x2 ff
 .rodata.g_elc_cfg
                0x00005b68        0xc ./synergy/ssp/src/bsp/cmsis/Device/RENESAS/S7G2/Source/system_S7G2.o
 .rodata.g_ioport
                0x00005b74        0x8 ./src/synergy_gen/common_data.o
                0x00005b74                g_ioport
 .rodata.g_adc0
                0x00005b7c       0x10 ./src/synergy_gen/hal_data.o
                0x00005b7c                g_adc0
 .rodata.g_adc0_cfg
                0x00005b8c       0x1c ./src/synergy_gen/hal_data.o
                0x00005b8c                g_adc0_cfg
 .rodata.g_adc0_channel_cfg
                0x00005ba8       0x14 ./src/synergy_gen/hal_data.o
                0x00005ba8                g_adc0_channel_cfg
 .rodata.g_external_irq0
                0x00005bbc        0xc ./src/synergy_gen/hal_data.o
                0x00005bbc                g_external_irq0
 .rodata.g_external_irq0_cfg
                0x00005bc8       0x14 ./src/synergy_gen/hal_data.o
 .rodata.g_timer0
                0x00005bdc        0xc ./src/synergy_gen/hal_data.o
                0x00005bdc                g_timer0
 .rodata.g_timer0_cfg
                0x00005be8       0x20 ./src/synergy_gen/hal_data.o
 .rodata.g_timer0_extend
                0x00005c08        0x5 ./src/synergy_gen/hal_data.o
 *fill*         0x00005c0d        0x3 ff
 .rodata.g_bsp_pin_cfg
                0x00005c10        0x8 ./src/synergy_gen/pin_data.o
                0x00005c10                g_bsp_pin_cfg
 .rodata.g_bsp_pin_cfg_data
                0x00005c18      0x350 ./src/synergy_gen/pin_data.o
                0x00005c18                g_bsp_pin_cfg_data
                0x00005f68                __usb_dev_descriptor_start_fs = .
 *(.usb_device_desc_fs*)
                0x00005f68                __usb_cfg_descriptor_start_fs = .
 *(.usb_config_desc_fs*)
                0x00005f68                __usb_interface_descriptor_start_fs = .
 *(.usb_interface_desc_fs*)
                0x00005f68                __usb_descriptor_end_fs = .
                0x00005f68                __usb_dev_descriptor_start_hs = .
 *(.usb_device_desc_hs*)
                0x00005f68                __usb_cfg_descriptor_start_hs = .
 *(.usb_config_desc_hs*)
                0x00005f68                __usb_interface_descriptor_start_hs = .
 *(.usb_interface_desc_hs*)
                0x00005f68                __usb_descriptor_end_hs = .
 *(.eh_frame*)
 .eh_frame      0x00005f68        0x0 c:/program files (x86)/gnu tools arm embedded/7 2017-q4-major/bin/../lib/gcc/arm-none-eabi/7.2.1/thumb/v7e-m/fpv4-sp/hard/crtbegin.o
 .eh_frame      0x00005f68        0x4 c:/program files (x86)/gnu tools arm embedded/7 2017-q4-major/bin/../lib/gcc/arm-none-eabi/7.2.1/thumb/v7e-m/fpv4-sp/hard/crtend.o
                0x00005f6c                __ROM_End = .
                0x00000044                __Vectors_Size = (__Vectors_End - __Vectors)
                0x00000008                __Vector_Info_Size = (__Vector_Info_End - __Vector_Info_Start)
                0x000001b0                __Lock_Lookup_Size = (__Lock_Lookup_End - __Lock_Lookup_Start)

.glue_7         0x00005f6c        0x0
 .glue_7        0x00005f6c        0x0 linker stubs

.glue_7t        0x00005f6c        0x0
 .glue_7t       0x00005f6c        0x0 linker stubs

.vfp11_veneer   0x00005f6c        0x0
 .vfp11_veneer  0x00005f6c        0x0 linker stubs

.v4_bx          0x00005f6c        0x0
 .v4_bx         0x00005f6c        0x0 linker stubs

.iplt           0x00005f6c        0x0
 .iplt          0x00005f6c        0x0 c:/program files (x86)/gnu tools arm embedded/7 2017-q4-major/bin/../lib/gcc/arm-none-eabi/7.2.1/thumb/v7e-m/fpv4-sp/hard/crtbegin.o

.ARM.extab
 *(.ARM.extab* .gnu.linkonce.armextab.*)
                0x00005f6c                __exidx_start = .

.ARM.exidx      0x00005f6c        0x8
 *(.ARM.exidx* .gnu.linkonce.armexidx.*)
 .ARM.exidx     0x00005f6c        0x8 c:/program files (x86)/gnu tools arm embedded/7 2017-q4-major/bin/../lib/gcc/arm-none-eabi/7.2.1/thumb/v7e-m/fpv4-sp/hard\libgcc.a(_udivmoddi4.o)
                0x00005f74                __exidx_end = .
                0x00005f74                __etext = .

.ssp_dtc_vector_table
                0x1ffe0000        0x0
                0x1ffe0000                . = ORIGIN (RAM)
 *(.ssp_dtc_vector_table)

.data           0x1ffe0000       0x84 load address 0x00005f74
                0x1ffe0000                __data_start__ = .
 *(vtable)
 *(.data.*)
 .data.a        0x1ffe0000        0x4 ./src/hal_entry.o
                0x1ffe0000                a
 .data.b        0x1ffe0004        0x4 ./src/hal_entry.o
                0x1ffe0004                b
 .data.c        0x1ffe0008        0x4 ./src/hal_entry.o
                0x1ffe0008                c
 .data.level    0x1ffe000c        0x1 ./src/hal_entry.o
                0x1ffe000c                level
                0x1ffe0010                . = ALIGN (0x4)
 *fill*         0x1ffe000d        0x3 
                0x1ffe0010                PROVIDE (__preinit_array_start, .)
 *(.preinit_array)
                0x1ffe0010                PROVIDE (__preinit_array_end, .)
                0x1ffe0010                . = ALIGN (0x4)
                0x1ffe0010                PROVIDE (__init_array_start, .)
 *(SORT_BY_NAME(.init_array.*))
 *(.init_array)
 .init_array    0x1ffe0010        0x4 c:/program files (x86)/gnu tools arm embedded/7 2017-q4-major/bin/../lib/gcc/arm-none-eabi/7.2.1/thumb/v7e-m/fpv4-sp/hard/crtbegin.o
                0x1ffe0014                PROVIDE (__init_array_end, .)
                0x1ffe0014                . = ALIGN (0x4)
                [!provide]                PROVIDE (__fini_array_start, .)
 *(SORT_BY_NAME(.fini_array.*))
 *(.fini_array)
 .fini_array    0x1ffe0014        0x4 c:/program files (x86)/gnu tools arm embedded/7 2017-q4-major/bin/../lib/gcc/arm-none-eabi/7.2.1/thumb/v7e-m/fpv4-sp/hard/crtbegin.o
                [!provide]                PROVIDE (__fini_array_end, .)
 *(.jcr*)
                0x1ffe0018                . = ALIGN (0x4)
                0x1ffe0018                __Code_In_RAM_Start = .
 *(.code_in_ram*)
                0x1ffe0018                __Code_In_RAM_End = .
                0x1ffe0018                __Lock_Start = .
 *(SORT_BY_NAME(.hw_lock*))
 .hw_lock.ADC_0U_0U
                0x1ffe0018        0x1 ./synergy/ssp/src/bsp/mcu/s7g2/bsp_hw_locks.o
                0x1ffe0018                g_hw_lock_ADC_0U_0U
 .hw_lock.ADC_0U_1U
                0x1ffe0019        0x1 ./synergy/ssp/src/bsp/mcu/s7g2/bsp_hw_locks.o
                0x1ffe0019                g_hw_lock_ADC_0U_1U
 .hw_lock.AGT_0U_0U
                0x1ffe001a        0x1 ./synergy/ssp/src/bsp/mcu/s7g2/bsp_hw_locks.o
                0x1ffe001a                g_hw_lock_AGT_0U_0U
 .hw_lock.AGT_0U_1U
                0x1ffe001b        0x1 ./synergy/ssp/src/bsp/mcu/s7g2/bsp_hw_locks.o
                0x1ffe001b                g_hw_lock_AGT_0U_1U
 .hw_lock.BSC_0U_1U
                0x1ffe001c        0x1 ./synergy/ssp/src/bsp/mcu/s7g2/bsp_hw_locks.o
                0x1ffe001c                g_hw_lock_BSC_0U_1U
 .hw_lock.CAC_0U_0U
                0x1ffe001d        0x1 ./synergy/ssp/src/bsp/mcu/s7g2/bsp_hw_locks.o
                0x1ffe001d                g_hw_lock_CAC_0U_0U
 .hw_lock.CAN_0U_0U
                0x1ffe001e        0x1 ./synergy/ssp/src/bsp/mcu/s7g2/bsp_hw_locks.o
                0x1ffe001e                g_hw_lock_CAN_0U_0U
 .hw_lock.CAN_0U_1U
                0x1ffe001f        0x1 ./synergy/ssp/src/bsp/mcu/s7g2/bsp_hw_locks.o
                0x1ffe001f                g_hw_lock_CAN_0U_1U
 .hw_lock.COMP_HS_0U_0U
                0x1ffe0020        0x1 ./synergy/ssp/src/bsp/mcu/s7g2/bsp_hw_locks.o
                0x1ffe0020                g_hw_lock_COMP_HS_0U_0U
 .hw_lock.COMP_HS_0U_1U
                0x1ffe0021        0x1 ./synergy/ssp/src/bsp/mcu/s7g2/bsp_hw_locks.o
                0x1ffe0021                g_hw_lock_COMP_HS_0U_1U
 .hw_lock.COMP_HS_0U_2U
                0x1ffe0022        0x1 ./synergy/ssp/src/bsp/mcu/s7g2/bsp_hw_locks.o
                0x1ffe0022                g_hw_lock_COMP_HS_0U_2U
 .hw_lock.COMP_HS_0U_3U
                0x1ffe0023        0x1 ./synergy/ssp/src/bsp/mcu/s7g2/bsp_hw_locks.o
                0x1ffe0023                g_hw_lock_COMP_HS_0U_3U
 .hw_lock.COMP_HS_0U_4U
                0x1ffe0024        0x1 ./synergy/ssp/src/bsp/mcu/s7g2/bsp_hw_locks.o
                0x1ffe0024                g_hw_lock_COMP_HS_0U_4U
 .hw_lock.COMP_HS_0U_5U
                0x1ffe0025        0x1 ./synergy/ssp/src/bsp/mcu/s7g2/bsp_hw_locks.o
                0x1ffe0025                g_hw_lock_COMP_HS_0U_5U
 .hw_lock.CRC_0U_0U
                0x1ffe0026        0x1 ./synergy/ssp/src/bsp/mcu/s7g2/bsp_hw_locks.o
                0x1ffe0026                g_hw_lock_CRC_0U_0U
 .hw_lock.CTSU_0U_0U
                0x1ffe0027        0x1 ./synergy/ssp/src/bsp/mcu/s7g2/bsp_hw_locks.o
                0x1ffe0027                g_hw_lock_CTSU_0U_0U
 .hw_lock.DAAD_0U_0U
                0x1ffe0028        0x1 ./synergy/ssp/src/bsp/mcu/s7g2/bsp_hw_locks.o
                0x1ffe0028                g_hw_lock_DAAD_0U_0U
 .hw_lock.DAC_0U_0U
                0x1ffe0029        0x1 ./synergy/ssp/src/bsp/mcu/s7g2/bsp_hw_locks.o
                0x1ffe0029                g_hw_lock_DAC_0U_0U
 .hw_lock.DAC_0U_1U
                0x1ffe002a        0x1 ./synergy/ssp/src/bsp/mcu/s7g2/bsp_hw_locks.o
                0x1ffe002a                g_hw_lock_DAC_0U_1U
 .hw_lock.DMAC_0U_0U
                0x1ffe002b        0x1 ./synergy/ssp/src/bsp/mcu/s7g2/bsp_hw_locks.o
                0x1ffe002b                g_hw_lock_DMAC_0U_0U
 .hw_lock.DMAC_0U_1U
                0x1ffe002c        0x1 ./synergy/ssp/src/bsp/mcu/s7g2/bsp_hw_locks.o
                0x1ffe002c                g_hw_lock_DMAC_0U_1U
 .hw_lock.DMAC_0U_2U
                0x1ffe002d        0x1 ./synergy/ssp/src/bsp/mcu/s7g2/bsp_hw_locks.o
                0x1ffe002d                g_hw_lock_DMAC_0U_2U
 .hw_lock.DMAC_0U_3U
                0x1ffe002e        0x1 ./synergy/ssp/src/bsp/mcu/s7g2/bsp_hw_locks.o
                0x1ffe002e                g_hw_lock_DMAC_0U_3U
 .hw_lock.DMAC_0U_4U
                0x1ffe002f        0x1 ./synergy/ssp/src/bsp/mcu/s7g2/bsp_hw_locks.o
                0x1ffe002f                g_hw_lock_DMAC_0U_4U
 .hw_lock.DMAC_0U_5U
                0x1ffe0030        0x1 ./synergy/ssp/src/bsp/mcu/s7g2/bsp_hw_locks.o
                0x1ffe0030                g_hw_lock_DMAC_0U_5U
 .hw_lock.DMAC_0U_6U
                0x1ffe0031        0x1 ./synergy/ssp/src/bsp/mcu/s7g2/bsp_hw_locks.o
                0x1ffe0031                g_hw_lock_DMAC_0U_6U
 .hw_lock.DMAC_0U_7U
                0x1ffe0032        0x1 ./synergy/ssp/src/bsp/mcu/s7g2/bsp_hw_locks.o
                0x1ffe0032                g_hw_lock_DMAC_0U_7U
 .hw_lock.DOC_0U_0U
                0x1ffe0033        0x1 ./synergy/ssp/src/bsp/mcu/s7g2/bsp_hw_locks.o
                0x1ffe0033                g_hw_lock_DOC_0U_0U
 .hw_lock.DRW_0U_0U
                0x1ffe0034        0x1 ./synergy/ssp/src/bsp/mcu/s7g2/bsp_hw_locks.o
                0x1ffe0034                g_hw_lock_DRW_0U_0U
 .hw_lock.DTC_0U_0U
                0x1ffe0035        0x1 ./synergy/ssp/src/bsp/mcu/s7g2/bsp_hw_locks.o
                0x1ffe0035                g_hw_lock_DTC_0U_0U
 .hw_lock.ELC_0U_0U
                0x1ffe0036        0x1 ./synergy/ssp/src/bsp/mcu/s7g2/bsp_hw_locks.o
                0x1ffe0036                g_hw_lock_ELC_0U_0U
 .hw_lock.EPTPC_0U_0U
                0x1ffe0037        0x1 ./synergy/ssp/src/bsp/mcu/s7g2/bsp_hw_locks.o
                0x1ffe0037                g_hw_lock_EPTPC_0U_0U
 .hw_lock.ETHER_0U_0U
                0x1ffe0038        0x1 ./synergy/ssp/src/bsp/mcu/s7g2/bsp_hw_locks.o
                0x1ffe0038                g_hw_lock_ETHER_0U_0U
 .hw_lock.ETHER_0U_1U
                0x1ffe0039        0x1 ./synergy/ssp/src/bsp/mcu/s7g2/bsp_hw_locks.o
                0x1ffe0039                g_hw_lock_ETHER_0U_1U
 .hw_lock.FCU_0U_0U
                0x1ffe003a        0x1 ./synergy/ssp/src/bsp/mcu/s7g2/bsp_hw_locks.o
                0x1ffe003a                g_hw_lock_FCU_0U_0U
 .hw_lock.GLCDC_0U_0U
                0x1ffe003b        0x1 ./synergy/ssp/src/bsp/mcu/s7g2/bsp_hw_locks.o
                0x1ffe003b                g_hw_lock_GLCDC_0U_0U
 .hw_lock.GPT_0U_0U
                0x1ffe003c        0x1 ./synergy/ssp/src/bsp/mcu/s7g2/bsp_hw_locks.o
                0x1ffe003c                g_hw_lock_GPT_0U_0U
 .hw_lock.GPT_0U_10U
                0x1ffe003d        0x1 ./synergy/ssp/src/bsp/mcu/s7g2/bsp_hw_locks.o
                0x1ffe003d                g_hw_lock_GPT_0U_10U
 .hw_lock.GPT_0U_11U
                0x1ffe003e        0x1 ./synergy/ssp/src/bsp/mcu/s7g2/bsp_hw_locks.o
                0x1ffe003e                g_hw_lock_GPT_0U_11U
 .hw_lock.GPT_0U_12U
                0x1ffe003f        0x1 ./synergy/ssp/src/bsp/mcu/s7g2/bsp_hw_locks.o
                0x1ffe003f                g_hw_lock_GPT_0U_12U
 .hw_lock.GPT_0U_13U
                0x1ffe0040        0x1 ./synergy/ssp/src/bsp/mcu/s7g2/bsp_hw_locks.o
                0x1ffe0040                g_hw_lock_GPT_0U_13U
 .hw_lock.GPT_0U_1U
                0x1ffe0041        0x1 ./synergy/ssp/src/bsp/mcu/s7g2/bsp_hw_locks.o
                0x1ffe0041                g_hw_lock_GPT_0U_1U
 .hw_lock.GPT_0U_2U
                0x1ffe0042        0x1 ./synergy/ssp/src/bsp/mcu/s7g2/bsp_hw_locks.o
                0x1ffe0042                g_hw_lock_GPT_0U_2U
 .hw_lock.GPT_0U_3U
                0x1ffe0043        0x1 ./synergy/ssp/src/bsp/mcu/s7g2/bsp_hw_locks.o
                0x1ffe0043                g_hw_lock_GPT_0U_3U
 .hw_lock.GPT_0U_4U
                0x1ffe0044        0x1 ./synergy/ssp/src/bsp/mcu/s7g2/bsp_hw_locks.o
                0x1ffe0044                g_hw_lock_GPT_0U_4U
 .hw_lock.GPT_0U_5U
                0x1ffe0045        0x1 ./synergy/ssp/src/bsp/mcu/s7g2/bsp_hw_locks.o
                0x1ffe0045                g_hw_lock_GPT_0U_5U
 .hw_lock.GPT_0U_6U
                0x1ffe0046        0x1 ./synergy/ssp/src/bsp/mcu/s7g2/bsp_hw_locks.o
                0x1ffe0046                g_hw_lock_GPT_0U_6U
 .hw_lock.GPT_0U_7U
                0x1ffe0047        0x1 ./synergy/ssp/src/bsp/mcu/s7g2/bsp_hw_locks.o
                0x1ffe0047                g_hw_lock_GPT_0U_7U
 .hw_lock.GPT_0U_8U
                0x1ffe0048        0x1 ./synergy/ssp/src/bsp/mcu/s7g2/bsp_hw_locks.o
                0x1ffe0048                g_hw_lock_GPT_0U_8U
 .hw_lock.GPT_0U_9U
                0x1ffe0049        0x1 ./synergy/ssp/src/bsp/mcu/s7g2/bsp_hw_locks.o
                0x1ffe0049                g_hw_lock_GPT_0U_9U
 .hw_lock.ICU_0U_0U
                0x1ffe004a        0x1 ./synergy/ssp/src/bsp/mcu/s7g2/bsp_hw_locks.o
                0x1ffe004a                g_hw_lock_ICU_0U_0U
 .hw_lock.ICU_0U_10U
                0x1ffe004b        0x1 ./synergy/ssp/src/bsp/mcu/s7g2/bsp_hw_locks.o
                0x1ffe004b                g_hw_lock_ICU_0U_10U
 .hw_lock.ICU_0U_11U
                0x1ffe004c        0x1 ./synergy/ssp/src/bsp/mcu/s7g2/bsp_hw_locks.o
                0x1ffe004c                g_hw_lock_ICU_0U_11U
 .hw_lock.ICU_0U_12U
                0x1ffe004d        0x1 ./synergy/ssp/src/bsp/mcu/s7g2/bsp_hw_locks.o
                0x1ffe004d                g_hw_lock_ICU_0U_12U
 .hw_lock.ICU_0U_13U
                0x1ffe004e        0x1 ./synergy/ssp/src/bsp/mcu/s7g2/bsp_hw_locks.o
                0x1ffe004e                g_hw_lock_ICU_0U_13U
 .hw_lock.ICU_0U_14U
                0x1ffe004f        0x1 ./synergy/ssp/src/bsp/mcu/s7g2/bsp_hw_locks.o
                0x1ffe004f                g_hw_lock_ICU_0U_14U
 .hw_lock.ICU_0U_15U
                0x1ffe0050        0x1 ./synergy/ssp/src/bsp/mcu/s7g2/bsp_hw_locks.o
                0x1ffe0050                g_hw_lock_ICU_0U_15U
 .hw_lock.ICU_0U_1U
                0x1ffe0051        0x1 ./synergy/ssp/src/bsp/mcu/s7g2/bsp_hw_locks.o
                0x1ffe0051                g_hw_lock_ICU_0U_1U
 .hw_lock.ICU_0U_2U
                0x1ffe0052        0x1 ./synergy/ssp/src/bsp/mcu/s7g2/bsp_hw_locks.o
                0x1ffe0052                g_hw_lock_ICU_0U_2U
 .hw_lock.ICU_0U_3U
                0x1ffe0053        0x1 ./synergy/ssp/src/bsp/mcu/s7g2/bsp_hw_locks.o
                0x1ffe0053                g_hw_lock_ICU_0U_3U
 .hw_lock.ICU_0U_4U
                0x1ffe0054        0x1 ./synergy/ssp/src/bsp/mcu/s7g2/bsp_hw_locks.o
                0x1ffe0054                g_hw_lock_ICU_0U_4U
 .hw_lock.ICU_0U_5U
                0x1ffe0055        0x1 ./synergy/ssp/src/bsp/mcu/s7g2/bsp_hw_locks.o
                0x1ffe0055                g_hw_lock_ICU_0U_5U
 .hw_lock.ICU_0U_6U
                0x1ffe0056        0x1 ./synergy/ssp/src/bsp/mcu/s7g2/bsp_hw_locks.o
                0x1ffe0056                g_hw_lock_ICU_0U_6U
 .hw_lock.ICU_0U_7U
                0x1ffe0057        0x1 ./synergy/ssp/src/bsp/mcu/s7g2/bsp_hw_locks.o
                0x1ffe0057                g_hw_lock_ICU_0U_7U
 .hw_lock.ICU_0U_8U
                0x1ffe0058        0x1 ./synergy/ssp/src/bsp/mcu/s7g2/bsp_hw_locks.o
                0x1ffe0058                g_hw_lock_ICU_0U_8U
 .hw_lock.ICU_0U_9U
                0x1ffe0059        0x1 ./synergy/ssp/src/bsp/mcu/s7g2/bsp_hw_locks.o
                0x1ffe0059                g_hw_lock_ICU_0U_9U
 .hw_lock.IIC_0U_0U
                0x1ffe005a        0x1 ./synergy/ssp/src/bsp/mcu/s7g2/bsp_hw_locks.o
                0x1ffe005a                g_hw_lock_IIC_0U_0U
 .hw_lock.IIC_0U_1U
                0x1ffe005b        0x1 ./synergy/ssp/src/bsp/mcu/s7g2/bsp_hw_locks.o
                0x1ffe005b                g_hw_lock_IIC_0U_1U
 .hw_lock.IIC_0U_2U
                0x1ffe005c        0x1 ./synergy/ssp/src/bsp/mcu/s7g2/bsp_hw_locks.o
                0x1ffe005c                g_hw_lock_IIC_0U_2U
 .hw_lock.IRDA_0U_0U
                0x1ffe005d        0x1 ./synergy/ssp/src/bsp/mcu/s7g2/bsp_hw_locks.o
                0x1ffe005d                g_hw_lock_IRDA_0U_0U
 .hw_lock.IWDT_0U_0U
                0x1ffe005e        0x1 ./synergy/ssp/src/bsp/mcu/s7g2/bsp_hw_locks.o
                0x1ffe005e                g_hw_lock_IWDT_0U_0U
 .hw_lock.JPEG_0U_0U
                0x1ffe005f        0x1 ./synergy/ssp/src/bsp/mcu/s7g2/bsp_hw_locks.o
                0x1ffe005f                g_hw_lock_JPEG_0U_0U
 .hw_lock.KEY_0U_0U
                0x1ffe0060        0x1 ./synergy/ssp/src/bsp/mcu/s7g2/bsp_hw_locks.o
                0x1ffe0060                g_hw_lock_KEY_0U_0U
 .hw_lock.LPM_1U_0U
                0x1ffe0061        0x1 ./synergy/ssp/src/bsp/mcu/s7g2/bsp_hw_locks.o
                0x1ffe0061                g_hw_lock_LPM_1U_0U
 .hw_lock.LVD_0U_0U
                0x1ffe0062        0x1 ./synergy/ssp/src/bsp/mcu/s7g2/bsp_hw_locks.o
                0x1ffe0062                g_hw_lock_LVD_0U_0U
 .hw_lock.LVD_0U_1U
                0x1ffe0063        0x1 ./synergy/ssp/src/bsp/mcu/s7g2/bsp_hw_locks.o
                0x1ffe0063                g_hw_lock_LVD_0U_1U
 .hw_lock.MMF_0U_0U
                0x1ffe0064        0x1 ./synergy/ssp/src/bsp/mcu/s7g2/bsp_hw_locks.o
                0x1ffe0064                g_hw_lock_MMF_0U_0U
 .hw_lock.MPU_0U_0U
                0x1ffe0065        0x1 ./synergy/ssp/src/bsp/mcu/s7g2/bsp_hw_locks.o
                0x1ffe0065                g_hw_lock_MPU_0U_0U
 .hw_lock.OPS_0U_0U
                0x1ffe0066        0x1 ./synergy/ssp/src/bsp/mcu/s7g2/bsp_hw_locks.o
                0x1ffe0066                g_hw_lock_OPS_0U_0U
 .hw_lock.PDC_0U_0U
                0x1ffe0067        0x1 ./synergy/ssp/src/bsp/mcu/s7g2/bsp_hw_locks.o
                0x1ffe0067                g_hw_lock_PDC_0U_0U
 .hw_lock.POEG_0U_0U
                0x1ffe0068        0x1 ./synergy/ssp/src/bsp/mcu/s7g2/bsp_hw_locks.o
                0x1ffe0068                g_hw_lock_POEG_0U_0U
 .hw_lock.POEG_0U_1U
                0x1ffe0069        0x1 ./synergy/ssp/src/bsp/mcu/s7g2/bsp_hw_locks.o
                0x1ffe0069                g_hw_lock_POEG_0U_1U
 .hw_lock.POEG_0U_2U
                0x1ffe006a        0x1 ./synergy/ssp/src/bsp/mcu/s7g2/bsp_hw_locks.o
                0x1ffe006a                g_hw_lock_POEG_0U_2U
 .hw_lock.POEG_0U_3U
                0x1ffe006b        0x1 ./synergy/ssp/src/bsp/mcu/s7g2/bsp_hw_locks.o
                0x1ffe006b                g_hw_lock_POEG_0U_3U
 .hw_lock.QSPI_0U_0U
                0x1ffe006c        0x1 ./synergy/ssp/src/bsp/mcu/s7g2/bsp_hw_locks.o
                0x1ffe006c                g_hw_lock_QSPI_0U_0U
 .hw_lock.RTC_0U_0U
                0x1ffe006d        0x1 ./synergy/ssp/src/bsp/mcu/s7g2/bsp_hw_locks.o
                0x1ffe006d                g_hw_lock_RTC_0U_0U
 .hw_lock.SCE_0U_0U
                0x1ffe006e        0x1 ./synergy/ssp/src/bsp/mcu/s7g2/bsp_hw_locks.o
                0x1ffe006e                g_hw_lock_SCE_0U_0U
 .hw_lock.SCI_0U_0U
                0x1ffe006f        0x1 ./synergy/ssp/src/bsp/mcu/s7g2/bsp_hw_locks.o
                0x1ffe006f                g_hw_lock_SCI_0U_0U
 .hw_lock.SCI_0U_1U
                0x1ffe0070        0x1 ./synergy/ssp/src/bsp/mcu/s7g2/bsp_hw_locks.o
                0x1ffe0070                g_hw_lock_SCI_0U_1U
 .hw_lock.SCI_0U_2U
                0x1ffe0071        0x1 ./synergy/ssp/src/bsp/mcu/s7g2/bsp_hw_locks.o
                0x1ffe0071                g_hw_lock_SCI_0U_2U
 .hw_lock.SCI_0U_3U
                0x1ffe0072        0x1 ./synergy/ssp/src/bsp/mcu/s7g2/bsp_hw_locks.o
                0x1ffe0072                g_hw_lock_SCI_0U_3U
 .hw_lock.SCI_0U_4U
                0x1ffe0073        0x1 ./synergy/ssp/src/bsp/mcu/s7g2/bsp_hw_locks.o
                0x1ffe0073                g_hw_lock_SCI_0U_4U
 .hw_lock.SCI_0U_5U
                0x1ffe0074        0x1 ./synergy/ssp/src/bsp/mcu/s7g2/bsp_hw_locks.o
                0x1ffe0074                g_hw_lock_SCI_0U_5U
 .hw_lock.SCI_0U_6U
                0x1ffe0075        0x1 ./synergy/ssp/src/bsp/mcu/s7g2/bsp_hw_locks.o
                0x1ffe0075                g_hw_lock_SCI_0U_6U
 .hw_lock.SCI_0U_7U
                0x1ffe0076        0x1 ./synergy/ssp/src/bsp/mcu/s7g2/bsp_hw_locks.o
                0x1ffe0076                g_hw_lock_SCI_0U_7U
 .hw_lock.SCI_0U_8U
                0x1ffe0077        0x1 ./synergy/ssp/src/bsp/mcu/s7g2/bsp_hw_locks.o
                0x1ffe0077                g_hw_lock_SCI_0U_8U
 .hw_lock.SCI_0U_9U
                0x1ffe0078        0x1 ./synergy/ssp/src/bsp/mcu/s7g2/bsp_hw_locks.o
                0x1ffe0078                g_hw_lock_SCI_0U_9U
 .hw_lock.SDHIMMC_0U_0U
                0x1ffe0079        0x1 ./synergy/ssp/src/bsp/mcu/s7g2/bsp_hw_locks.o
                0x1ffe0079                g_hw_lock_SDHIMMC_0U_0U
 .hw_lock.SDHIMMC_0U_1U
                0x1ffe007a        0x1 ./synergy/ssp/src/bsp/mcu/s7g2/bsp_hw_locks.o
                0x1ffe007a                g_hw_lock_SDHIMMC_0U_1U
 .hw_lock.SPI_0U_0U
                0x1ffe007b        0x1 ./synergy/ssp/src/bsp/mcu/s7g2/bsp_hw_locks.o
                0x1ffe007b                g_hw_lock_SPI_0U_0U
 .hw_lock.SPI_0U_1U
                0x1ffe007c        0x1 ./synergy/ssp/src/bsp/mcu/s7g2/bsp_hw_locks.o
                0x1ffe007c                g_hw_lock_SPI_0U_1U
 .hw_lock.SRC_0U_0U
                0x1ffe007d        0x1 ./synergy/ssp/src/bsp/mcu/s7g2/bsp_hw_locks.o
                0x1ffe007d                g_hw_lock_SRC_0U_0U
 .hw_lock.SSI_0U_0U
                0x1ffe007e        0x1 ./synergy/ssp/src/bsp/mcu/s7g2/bsp_hw_locks.o
                0x1ffe007e                g_hw_lock_SSI_0U_0U
 .hw_lock.SSI_0U_1U
                0x1ffe007f        0x1 ./synergy/ssp/src/bsp/mcu/s7g2/bsp_hw_locks.o
                0x1ffe007f                g_hw_lock_SSI_0U_1U
 .hw_lock.TSN_0U_0U
                0x1ffe0080        0x1 ./synergy/ssp/src/bsp/mcu/s7g2/bsp_hw_locks.o
                0x1ffe0080                g_hw_lock_TSN_0U_0U
 .hw_lock.USB_0U_0U
                0x1ffe0081        0x1 ./synergy/ssp/src/bsp/mcu/s7g2/bsp_hw_locks.o
                0x1ffe0081                g_hw_lock_USB_0U_0U
 .hw_lock.USB_1U_0U
                0x1ffe0082        0x1 ./synergy/ssp/src/bsp/mcu/s7g2/bsp_hw_locks.o
                0x1ffe0082                g_hw_lock_USB_1U_0U
 .hw_lock.WDT_0U_0U
                0x1ffe0083        0x1 ./synergy/ssp/src/bsp/mcu/s7g2/bsp_hw_locks.o
                0x1ffe0083                g_hw_lock_WDT_0U_0U
                0x1ffe0084                __Lock_End = .
                0x1ffe0084                . = ALIGN (0x4)
                0x1ffe0084                __data_end__ = .
                0x0000006c                __Lock_Size = (__Lock_End - __Lock_Start)

.igot.plt       0x1ffe0084        0x0 load address 0x00005ff8
 .igot.plt      0x1ffe0084        0x0 c:/program files (x86)/gnu tools arm embedded/7 2017-q4-major/bin/../lib/gcc/arm-none-eabi/7.2.1/thumb/v7e-m/fpv4-sp/hard/crtbegin.o

.qspi_flash     0x60000000        0x0
                0x60000000                __qspi_flash_start__ = .
 *(.qspi_flash*)
                0x60000000                __qspi_flash_end__ = .
                0x00000000                __qspi_flash_code_size__ = (__qspi_flash_end__ - __qspi_flash_start__)
                0x00005ff8                __qspi_flash_code_addr__ = (__etext + (__data_end__ - __data_start__))

.qspi_non_retentive
                0x60000000        0x0 load address 0x00005ff8
                0x60000000                __qspi_non_retentive_start__ = .
 *(.qspi_non_retentive*)
                0x60000000                __qspi_non_retentive_end__ = .
                0x00000000                __qspi_non_retentive_size__ = (__qspi_non_retentive_end__ - __qspi_non_retentive_start__)
                0x04000000                __qspi_region_max_size__ = 0x4000000
                0x60000000                __qspi_region_start_address__ = __qspi_flash_start__
                0x64000000                __qspi_region_end_address__ = (__qspi_flash_start__ + __qspi_region_max_size__)

.noinit         0x1ffe0084       0x38 load address 0x00005ff8
                0x1ffe0084                . = ALIGN (0x4)
                0x1ffe0084                __noinit_start = .
 *(.noinit*)
 .noinit        0x1ffe0084       0x14 ./synergy/ssp/src/driver/r_ioport/r_ioport.o
 .noinit        0x1ffe0098        0x4 ./synergy/ssp/src/driver/r_fmi/r_fmi.o
 .noinit        0x1ffe009c       0x18 ./synergy/ssp/src/driver/r_cgc/hw/hw_cgc.o
 .noinit        0x1ffe00b4        0x8 ./synergy/ssp/src/driver/r_cgc/r_cgc.o
                0x1ffe00b4                gp_cgc_feature
                0x1ffe00bc                __noinit_end = .

.bss            0x1ffe00bc      0x140 load address 0x00006030
                0x1ffe00bc                . = ALIGN (0x4)
                0x1ffe00bc                __bss_start__ = .
 *(.bss*)
 .bss           0x1ffe00bc       0x1c c:/program files (x86)/gnu tools arm embedded/7 2017-q4-major/bin/../lib/gcc/arm-none-eabi/7.2.1/thumb/v7e-m/fpv4-sp/hard/crtbegin.o
 .bss.g_protect_pfswe_counter
                0x1ffe00d8        0x2 ./synergy/ssp/src/driver/r_ioport/r_ioport.o
                0x1ffe00d8                g_protect_pfswe_counter
 *fill*         0x1ffe00da        0x2 
 .bss.gp_elc_reg
                0x1ffe00dc        0x4 ./synergy/ssp/src/driver/r_elc/r_elc.o
 .bss.g_adc_valid_channels
                0x1ffe00e0        0x8 ./synergy/ssp/src/driver/r_adc/r_adc.o
 .bss.g_bsp_group_irq_sources
                0x1ffe00e8       0x30 ./synergy/ssp/src/bsp/mcu/s7g2/bsp_group_irq.o
 .bss.g_vector_information_size
                0x1ffe0118        0x4 ./synergy/ssp/src/bsp/mcu/all/bsp_irq.o
                0x1ffe0118                g_vector_information_size
 .bss.g_bsp_lock_lookup_size
                0x1ffe011c        0x4 ./synergy/ssp/src/bsp/mcu/all/bsp_locking.o
 .bss.gp_bsp_lock_lookup
                0x1ffe0120        0x4 ./synergy/ssp/src/bsp/mcu/all/bsp_locking.o
 .bss.gp_bsp_locks
                0x1ffe0124        0x4 ./synergy/ssp/src/bsp/mcu/all/bsp_locking.o
 .bss.g_protect_counters
                0x1ffe0128        0x6 ./synergy/ssp/src/bsp/mcu/all/bsp_register_protection.o
 *fill*         0x1ffe012e        0x2 
 .bss.SystemCoreClock
                0x1ffe0130        0x4 ./synergy/ssp/src/bsp/cmsis/Device/RENESAS/S7G2/Source/system_S7G2.o
                0x1ffe0130                SystemCoreClock
 .bss.device_characteristics
                0x1ffe0134        0x3 ./synergy/board/s7g2_sk/bsp_qspi.o
 *fill*         0x1ffe0137        0x1 
 .bss.flag_status2
                0x1ffe0138        0x1 ./synergy/board/s7g2_sk/bsp_qspi.o
 *fill*         0x1ffe0139        0x3 
 .bss.g_external_irq0_ctrl
                0x1ffe013c       0x14 ./src/synergy_gen/hal_data.o
 .bss.g_timer0_ctrl
                0x1ffe0150       0x18 ./src/synergy_gen/hal_data.o
 .bss.gp_ctrl_ICU_IRQ0
                0x1ffe0168        0x4 ./src/synergy_gen/hal_data.o
 .bss.PWM       0x1ffe016c        0x4 ./src/hal_entry.o
                0x1ffe016c                PWM
 .bss.RPM       0x1ffe0170        0x4 ./src/hal_entry.o
                0x1ffe0170                RPM
 .bss.error0    0x1ffe0174        0x4 ./src/hal_entry.o
                0x1ffe0174                error0
 .bss.intRPM    0x1ffe0178        0x4 ./src/hal_entry.o
                0x1ffe0178                intRPM
 .bss.u32RPM_FilteredData
                0x1ffe017c        0x4 ./src/hal_entry.o
                0x1ffe017c                u32RPM_FilteredData
 .bss.uT        0x1ffe0180        0x4 ./src/hal_entry.o
                0x1ffe0180                uT
 .bss.ui32actual_time
                0x1ffe0184        0x4 ./src/hal_entry.o
                0x1ffe0184                ui32actual_time
 .bss.ui32elapsed_time
                0x1ffe0188        0x4 ./src/hal_entry.o
                0x1ffe0188                ui32elapsed_time
 .bss.ui32past_time
                0x1ffe018c        0x4 ./src/hal_entry.o
                0x1ffe018c                ui32past_time
 .bss.ui32vel_rpm
                0x1ffe0190        0x4 ./src/hal_entry.o
                0x1ffe0190                ui32vel_rpm
 *(COMMON)
 COMMON         0x1ffe0194       0x34 ./src/synergy_gen/hal_data.o
                0x1ffe0194                g_adc0_ctrl
 COMMON         0x1ffe01c8       0x34 ./src/hal_entry.o
                0x1ffe01c8                SETPOINT
                0x1ffe01cc                dT
                0x1ffe01d0                AF
                0x1ffe01d4                iT
                0x1ffe01d8                ganancia
                0x1ffe01dc                error_vel
                0x1ffe01e0                counter
                0x1ffe01e4                delay_us
                0x1ffe01e8                u16ADC_FilteredData
                0x1ffe01ec                tempo2
                0x1ffe01f0                iT0
                0x1ffe01f4                u16ADC_Data
                0x1ffe01f8                counts
                0x1ffe01fc                . = ALIGN (0x4)
                0x1ffe01fc                __bss_end__ = .

.heap           0x1ffe0200     0x1000 load address 0x00006178
                0x1ffe0200                . = ALIGN (0x8)
 *(.heap_d1)
                0x1ffe0200                . = ALIGN (0x8)
                0x1ffe0200                __HeapBase = .
                0x1ffe0200                __end__ = .
                0x1ffe0200                end = __end__
 *(.heap*)
 .heap          0x1ffe0200     0x1000 ./synergy/ssp/src/bsp/cmsis/Device/RENESAS/S7G2/Source/startup_S7G2.o
                0x1ffe1200                __HeapLimit = .

.stack_dummy    0x1ffe1200      0x800 load address 0x00007178
                0x1ffe1200                . = ALIGN (0x8)
                0x1ffe1200                __StackLimit = .
 *(.stack)
 .stack         0x1ffe1200      0x800 ./synergy/ssp/src/bsp/cmsis/Device/RENESAS/S7G2/Source/startup_S7G2.o
                0x1ffe1a00                __StackTop = .
 *(.stack*)
                0x1ffe1a00                __StackTopAll = .
                [!provide]                PROVIDE (__stack, __StackTopAll)
                0x1ffe1a00                __RAM_segment_used_end__ = ALIGN (__StackTopAll, 0x4)

.data_flash     0x40100000        0x0
                0x40100000                __Data_Flash_Start = .
 *(.data_flash*)
                0x40100000                __Data_Flash_End = .

.sdram          0x90000000        0x0
                0x90000000                __SDRAM_Start = .
 *(.sdram*)
 *(.frame*)
                0x90000000                __SDRAM_End = .

.id_code_1      0x40120050       0x10
                0x40120050                __ID_Codes_Start = .
 *(.id_code_1*)
 .id_code_1     0x40120050       0x10 ./synergy/ssp/src/bsp/mcu/s7g2/bsp_rom_registers.o
                0x40120060                __ID_Codes_End = .
OUTPUT(mideRPM.elf elf32-littlearm)

.rel.dyn        0x40120060        0x0